../Core/Src/main.c:90:5:main	72	static
../Core/Src/main.c:175:6:SystemClock_Config	96	static
../Core/Src/main.c:236:13:MX_DFSDM1_Init	8	static
../Core/Src/main.c:274:13:MX_I2C2_Init	8	static
../Core/Src/main.c:322:13:MX_QUADSPI_Init	8	static
../Core/Src/main.c:355:13:MX_USART3_UART_Init	8	static
../Core/Src/main.c:390:13:MX_USB_OTG_FS_PCD_Init	8	static
../Core/Src/main.c:425:13:MX_GPIO_Init	48	static
../Core/Src/main.c:616:6:StartDefaultTask	16	static
../Core/Src/main.c:634:6:StartTASK_ACC	16	static
../Core/Src/main.c:649:6:Error_Handler	4	static,ignoring_inline_asm
