../Drivers/CMSIS/Include/core_cm4.h:1906:22:__NVIC_SetVector	24	static
../Core/Src/main.c:103:5:__io_putchar	16	static
../Core/Src/main.c:110:6:HAL_ADC_MspInit	24	static
../Core/Src/main.c:121:6:HAL_ADC_MspDeInit	16	static
../Core/Src/main.c:131:6:ADC1_Init	48	static
../Core/Src/main.c:188:6:HAL_ADC_ConvCpltCallback	16	static
../Core/Src/main.c:196:6:HAL_ADC_ConvHalfCpltCallback	16	static
../Core/Src/main.c:204:6:DMA1_Channel1_IRQHandler	8	static
../Core/Src/main.c:210:6:ADC1_DMA1CH1_init	16	static
../Core/Src/main.c:239:6:HAL_TIM_Base_MspInit	24	static
../Core/Src/main.c:247:6:HAL_TIM_Base_MspDeInit	16	static
../Core/Src/main.c:256:13:TIM1_Init	40	static
../Core/Src/main.c:290:5:main	8	static
../Core/Src/main.c:389:6:SystemClock_Config	96	static
../Core/Src/main.c:450:13:MX_DFSDM1_Init	8	static
../Core/Src/main.c:488:13:MX_I2C2_Init	8	static
../Core/Src/main.c:536:13:MX_QUADSPI_Init	8	static
../Core/Src/main.c:569:13:MX_SPI3_Init	8	static
../Core/Src/main.c:609:13:MX_USART1_UART_Init	8	static
../Core/Src/main.c:644:13:MX_USART3_UART_Init	8	static
../Core/Src/main.c:679:13:MX_USB_OTG_FS_PCD_Init	8	static
../Core/Src/main.c:714:13:MX_GPIO_Init	48	static
../Core/Src/main.c:911:6:StartDefaultTask	24	static
../Core/Src/main.c:933:6:Error_Handler	4	static,ignoring_inline_asm
