Archive member included to satisfy reference by file (symbol)

C:/ST/STM32CubeIDE_1.16.0/STM32CubeIDE/plugins/com.st.stm32cube.ide.mcu.externaltools.gnu-tools-for-stm32.12.3.rel1.win32_1.0.200.202406191623/tools/bin/../lib/gcc/arm-none-eabi/12.3.1/../../../../arm-none-eabi/lib/thumb/v7e-m+fp/hard\libc_nano.a(libc_a-exit.o)
                              C:/ST/STM32CubeIDE_1.16.0/STM32CubeIDE/plugins/com.st.stm32cube.ide.mcu.externaltools.gnu-tools-for-stm32.12.3.rel1.win32_1.0.200.202406191623/tools/bin/../lib/gcc/arm-none-eabi/12.3.1/../../../../arm-none-eabi/lib/thumb/v7e-m+fp/hard/crt0.o (exit)
C:/ST/STM32CubeIDE_1.16.0/STM32CubeIDE/plugins/com.st.stm32cube.ide.mcu.externaltools.gnu-tools-for-stm32.12.3.rel1.win32_1.0.200.202406191623/tools/bin/../lib/gcc/arm-none-eabi/12.3.1/../../../../arm-none-eabi/lib/thumb/v7e-m+fp/hard\libc_nano.a(libc_a-rand.o)
                              ./BlueNRG_MS/App/app_bluenrg_ms.o (srand)
C:/ST/STM32CubeIDE_1.16.0/STM32CubeIDE/plugins/com.st.stm32cube.ide.mcu.externaltools.gnu-tools-for-stm32.12.3.rel1.win32_1.0.200.202406191623/tools/bin/../lib/gcc/arm-none-eabi/12.3.1/../../../../arm-none-eabi/lib/thumb/v7e-m+fp/hard\libc_nano.a(libc_a-findfp.o)
                              C:/ST/STM32CubeIDE_1.16.0/STM32CubeIDE/plugins/com.st.stm32cube.ide.mcu.externaltools.gnu-tools-for-stm32.12.3.rel1.win32_1.0.200.202406191623/tools/bin/../lib/gcc/arm-none-eabi/12.3.1/../../../../arm-none-eabi/lib/thumb/v7e-m+fp/hard\libc_nano.a(libc_a-exit.o) (__stdio_exit_handler)
C:/ST/STM32CubeIDE_1.16.0/STM32CubeIDE/plugins/com.st.stm32cube.ide.mcu.externaltools.gnu-tools-for-stm32.12.3.rel1.win32_1.0.200.202406191623/tools/bin/../lib/gcc/arm-none-eabi/12.3.1/../../../../arm-none-eabi/lib/thumb/v7e-m+fp/hard\libc_nano.a(libc_a-fwalk.o)
                              C:/ST/STM32CubeIDE_1.16.0/STM32CubeIDE/plugins/com.st.stm32cube.ide.mcu.externaltools.gnu-tools-for-stm32.12.3.rel1.win32_1.0.200.202406191623/tools/bin/../lib/gcc/arm-none-eabi/12.3.1/../../../../arm-none-eabi/lib/thumb/v7e-m+fp/hard\libc_nano.a(libc_a-findfp.o) (_fwalk_sglue)
C:/ST/STM32CubeIDE_1.16.0/STM32CubeIDE/plugins/com.st.stm32cube.ide.mcu.externaltools.gnu-tools-for-stm32.12.3.rel1.win32_1.0.200.202406191623/tools/bin/../lib/gcc/arm-none-eabi/12.3.1/../../../../arm-none-eabi/lib/thumb/v7e-m+fp/hard\libc_nano.a(libc_a-printf.o)
                              ./BlueNRG_MS/App/app_bluenrg_ms.o (printf)
C:/ST/STM32CubeIDE_1.16.0/STM32CubeIDE/plugins/com.st.stm32cube.ide.mcu.externaltools.gnu-tools-for-stm32.12.3.rel1.win32_1.0.200.202406191623/tools/bin/../lib/gcc/arm-none-eabi/12.3.1/../../../../arm-none-eabi/lib/thumb/v7e-m+fp/hard\libc_nano.a(libc_a-puts.o)
                              ./BlueNRG_MS/App/app_bluenrg_ms.o (puts)
C:/ST/STM32CubeIDE_1.16.0/STM32CubeIDE/plugins/com.st.stm32cube.ide.mcu.externaltools.gnu-tools-for-stm32.12.3.rel1.win32_1.0.200.202406191623/tools/bin/../lib/gcc/arm-none-eabi/12.3.1/../../../../arm-none-eabi/lib/thumb/v7e-m+fp/hard\libc_nano.a(libc_a-stdio.o)
                              C:/ST/STM32CubeIDE_1.16.0/STM32CubeIDE/plugins/com.st.stm32cube.ide.mcu.externaltools.gnu-tools-for-stm32.12.3.rel1.win32_1.0.200.202406191623/tools/bin/../lib/gcc/arm-none-eabi/12.3.1/../../../../arm-none-eabi/lib/thumb/v7e-m+fp/hard\libc_nano.a(libc_a-findfp.o) (__sread)
C:/ST/STM32CubeIDE_1.16.0/STM32CubeIDE/plugins/com.st.stm32cube.ide.mcu.externaltools.gnu-tools-for-stm32.12.3.rel1.win32_1.0.200.202406191623/tools/bin/../lib/gcc/arm-none-eabi/12.3.1/../../../../arm-none-eabi/lib/thumb/v7e-m+fp/hard\libc_nano.a(libc_a-wbuf.o)
                              C:/ST/STM32CubeIDE_1.16.0/STM32CubeIDE/plugins/com.st.stm32cube.ide.mcu.externaltools.gnu-tools-for-stm32.12.3.rel1.win32_1.0.200.202406191623/tools/bin/../lib/gcc/arm-none-eabi/12.3.1/../../../../arm-none-eabi/lib/thumb/v7e-m+fp/hard\libc_nano.a(libc_a-puts.o) (__swbuf_r)
C:/ST/STM32CubeIDE_1.16.0/STM32CubeIDE/plugins/com.st.stm32cube.ide.mcu.externaltools.gnu-tools-for-stm32.12.3.rel1.win32_1.0.200.202406191623/tools/bin/../lib/gcc/arm-none-eabi/12.3.1/../../../../arm-none-eabi/lib/thumb/v7e-m+fp/hard\libc_nano.a(libc_a-wsetup.o)
                              C:/ST/STM32CubeIDE_1.16.0/STM32CubeIDE/plugins/com.st.stm32cube.ide.mcu.externaltools.gnu-tools-for-stm32.12.3.rel1.win32_1.0.200.202406191623/tools/bin/../lib/gcc/arm-none-eabi/12.3.1/../../../../arm-none-eabi/lib/thumb/v7e-m+fp/hard\libc_nano.a(libc_a-puts.o) (__swsetup_r)
C:/ST/STM32CubeIDE_1.16.0/STM32CubeIDE/plugins/com.st.stm32cube.ide.mcu.externaltools.gnu-tools-for-stm32.12.3.rel1.win32_1.0.200.202406191623/tools/bin/../lib/gcc/arm-none-eabi/12.3.1/../../../../arm-none-eabi/lib/thumb/v7e-m+fp/hard\libc_nano.a(libc_a-memset.o)
[...]
Memory Configuration

Name             Origin             Length             Attributes
RAM              0x20000000         0x00018000         xrw
RAM2             0x10000000         0x00008000         xrw
FLASH            0x08000000         0x00100000         xr
*default*        0x00000000         0xffffffff

Linker script and memory map

LOAD C:/ST/STM32CubeIDE_1.16.0/STM32CubeIDE/plugins/com.st.stm32cube.ide.mcu.externaltools.gnu-tools-for-stm32.12.3.rel1.win32_1.0.200.202406191623/tools/bin/../lib/gcc/arm-none-eabi/12.3.1/thumb/v7e-m+fp/hard/crti.o
LOAD C:/ST/STM32CubeIDE_1.16.0/STM32CubeIDE/plugins/com.st.stm32cube.ide.mcu.externaltools.gnu-tools-for-stm32.12.3.rel1.win32_1.0.200.202406191623/tools/bin/../lib/gcc/arm-none-eabi/12.3.1/thumb/v7e-m+fp/hard/crtbegin.o
LOAD C:/ST/STM32CubeIDE_1.16.0/STM32CubeIDE/plugins/com.st.stm32cube.ide.mcu.externaltools.gnu-tools-for-stm32.12.3.rel1.win32_1.0.200.202406191623/tools/bin/../lib/gcc/arm-none-eabi/12.3.1/../../../../arm-none-eabi/lib/thumb/v7e-m+fp/hard/crt0.o
LOAD ./BlueNRG_MS/App/app_bluenrg_ms.o
LOAD ./BlueNRG_MS/App/gatt_db.o
LOAD ./BlueNRG_MS/App/sensor.o
LOAD ./BlueNRG_MS/Target/hci_tl_interface.o
LOAD ./Core/Src/freertos.o
LOAD ./Core/Src/main.o
LOAD ./Core/Src/stm32l4xx_hal_msp.o
LOAD ./Core/Src/stm32l4xx_it.o
LOAD ./Core/Src/syscalls.o
LOAD ./Core/Src/sysmem.o
LOAD ./Core/Src/system_stm32l4xx.o
LOAD ./Core/Startup/startup_stm32l475vgtx.o
LOAD ./Drivers/BSP/B-L475E-IOT01A2/b_l475e_iot01a2.o
LOAD ./Drivers/BSP/B-L475E-IOT01A2/b_l475e_iot01a2_bus.o
LOAD ./Drivers/STM32L4xx_HAL_Driver/Src/stm32l4xx_hal.o
LOAD ./Drivers/STM32L4xx_HAL_Driver/Src/stm32l4xx_hal_cortex.o
LOAD ./Drivers/STM32L4xx_HAL_Driver/Src/stm32l4xx_hal_dfsdm.o
LOAD ./Drivers/STM32L4xx_HAL_Driver/Src/stm32l4xx_hal_dma.o
LOAD ./Drivers/STM32L4xx_HAL_Driver/Src/stm32l4xx_hal_dma_ex.o
LOAD ./Drivers/STM32L4xx_HAL_Driver/Src/stm32l4xx_hal_exti.o
LOAD ./Drivers/STM32L4xx_HAL_Driver/Src/stm32l4xx_hal_flash.o
LOAD ./Drivers/STM32L4xx_HAL_Driver/Src/stm32l4xx_hal_flash_ex.o
LOAD ./Drivers/STM32L4xx_HAL_Driver/Src/stm32l4xx_hal_flash_ramfunc.o
LOAD ./Drivers/STM32L4xx_HAL_Driver/Src/stm32l4xx_hal_gpio.o
LOAD ./Drivers/STM32L4xx_HAL_Driver/Src/stm32l4xx_hal_i2c.o
LOAD ./Drivers/STM32L4xx_HAL_Driver/Src/stm32l4xx_hal_i2c_ex.o
LOAD ./Drivers/STM32L4xx_HAL_Driver/Src/stm32l4xx_hal_pcd.o
LOAD ./Drivers/STM32L4xx_HAL_Driver/Src/stm32l4xx_hal_pcd_ex.o
LOAD ./Drivers/STM32L4xx_HAL_Driver/Src/stm32l4xx_hal_pwr.o
LOAD ./Drivers/STM32L4xx_HAL_Driver/Src/stm32l4xx_hal_pwr_ex.o
LOAD ./Drivers/STM32L4xx_HAL_Driver/Src/stm32l4xx_hal_qspi.o
LOAD ./Drivers/STM32L4xx_HAL_Driver/Src/stm32l4xx_hal_rcc.o
LOAD ./Drivers/STM32L4xx_HAL_Driver/Src/stm32l4xx_hal_rcc_ex.o
LOAD ./Drivers/STM32L4xx_HAL_Driver/Src/stm32l4xx_hal_spi.o
LOAD ./Drivers/STM32L4xx_HAL_Driver/Src/stm32l4xx_hal_spi_ex.o
LOAD ./Drivers/STM32L4xx_HAL_Driver/Src/stm32l4xx_hal_tim.o
LOAD ./Drivers/STM32L4xx_HAL_Driver/Src/stm32l4xx_hal_tim_ex.o
LOAD ./Drivers/STM32L4xx_HAL_Driver/Src/stm32l4xx_hal_uart.o
LOAD ./Drivers/STM32L4xx_HAL_Driver/Src/stm32l4xx_hal_uart_ex.o
LOAD ./Drivers/STM32L4xx_HAL_Driver/Src/stm32l4xx_ll_usb.o
LOAD ./Middlewares/ST/BlueNRG-MS/hci/controller/bluenrg_gap_aci.o
LOAD ./Middlewares/ST/BlueNRG-MS/hci/controller/bluenrg_gatt_aci.o
LOAD ./Middlewares/ST/BlueNRG-MS/hci/controller/bluenrg_hal_aci.o
LOAD ./Middlewares/ST/BlueNRG-MS/hci/controller/bluenrg_l2cap_aci.o
LOAD ./Middlewares/ST/BlueNRG-MS/hci/controller/bluenrg_updater_aci.o
LOAD ./Middlewares/ST/BlueNRG-MS/hci/controller/bluenrg_utils_small.o
LOAD ./Middlewares/ST/BlueNRG-MS/hci/hci_le.o
LOAD ./Middlewares/ST/BlueNRG-MS/hci/hci_tl_patterns/Basic/hci_tl.o
LOAD ./Middlewares/ST/BlueNRG-MS/utils/ble_list.o
LOAD ./Middlewares/Third_Party/FreeRTOS/Source/CMSIS_RTOS/cmsis_os.o
LOAD ./Middlewares/Third_Party/FreeRTOS/Source/croutine.o
LOAD ./Middlewares/Third_Party/FreeRTOS/Source/event_groups.o
LOAD ./Middlewares/Third_Party/FreeRTOS/Source/list.o
LOAD ./Middlewares/Third_Party/FreeRTOS/Source/queue.o
LOAD ./Middlewares/Third_Party/FreeRTOS/Source/stream_buffer.o
LOAD ./Middlewares/Third_Party/FreeRTOS/Source/tasks.o
LOAD ./Middlewares/Third_Party/FreeRTOS/Source/timers.o
LOAD ./Middlewares/Third_Party/FreeRTOS/Source/portable/GCC/ARM_CM4F/port.o
LOAD ./Middlewares/Third_Party/FreeRTOS/Source/portable/MemMang/heap_4.o
START GROUP
LOAD C:/ST/STM32CubeIDE_1.16.0/STM32CubeIDE/plugins/com.st.stm32cube.ide.mcu.externaltools.gnu-tools-for-stm32.12.3.rel1.win32_1.0.200.202406191623/tools/bin/../lib/gcc/arm-none-eabi/12.3.1/../../../../arm-none-eabi/lib/thumb/v7e-m+fp/hard\libc_nano.a
LOAD C:/ST/STM32CubeIDE_1.16.0/STM32CubeIDE/plugins/com.st.stm32cube.ide.mcu.externaltools.gnu-tools-for-stm32.12.3.rel1.win32_1.0.200.202406191623/tools/bin/../lib/gcc/arm-none-eabi/12.3.1/../../../../arm-none-eabi/lib/thumb/v7e-m+fp/hard\libm.a
END GROUP
START GROUP
LOAD C:/ST/STM32CubeIDE_1.16.0/STM32CubeIDE/plugins/com.st.stm32cube.ide.mcu.externaltools.gnu-tools-for-stm32.12.3.rel1.win32_1.0.200.202406191623/tools/bin/../lib/gcc/arm-none-eabi/12.3.1/thumb/v7e-m+fp/hard\libgcc.a
LOAD C:/ST/STM32CubeIDE_1.16.0/STM32CubeIDE/plugins/com.st.stm32cube.ide.mcu.externaltools.gnu-tools-for-stm32.12.3.rel1.win32_1.0.200.202406191623/tools/bin/../lib/gcc/arm-none-eabi/12.3.1/../../../../arm-none-eabi/lib/thumb/v7e-m+fp/hard\libc_nano.a
END GROUP
START GROUP
LOAD C:/ST/STM32CubeIDE_1.16.0/STM32CubeIDE/plugins/com.st.stm32cube.ide.mcu.externaltools.gnu-tools-for-stm32.12.3.rel1.win32_1.0.200.202406191623/tools/bin/../lib/gcc/arm-none-eabi/12.3.1/thumb/v7e-m+fp/hard\libgcc.a
LOAD C:/ST/STM32CubeIDE_1.16.0/STM32CubeIDE/plugins/com.st.stm32cube.ide.mcu.externaltools.gnu-tools-for-stm32.12.3.rel1.win32_1.0.200.202406191623/tools/bin/../lib/gcc/arm-none-eabi/12.3.1/../../../../arm-none-eabi/lib/thumb/v7e-m+fp/hard\libc_nano.a
LOAD C:/ST/STM32CubeIDE_1.16.0/STM32CubeIDE/plugins/com.st.stm32cube.ide.mcu.externaltools.gnu-tools-for-stm32.12.3.rel1.win32_1.0.200.202406191623/tools/bin/../lib/gcc/arm-none-eabi/12.3.1/../../../../arm-none-eabi/lib/thumb/v7e-m+fp/hard\libnosys.a
END GROUP
START GROUP
LOAD C:/ST/STM32CubeIDE_1.16.0/STM32CubeIDE/plugins/com.st.stm32cube.ide.mcu.externaltools.gnu-tools-for-stm32.12.3.rel1.win32_1.0.200.202406191623/tools/bin/../lib/gcc/arm-none-eabi/12.3.1/thumb/v7e-m+fp/hard\libgcc.a
LOAD C:/ST/STM32CubeIDE_1.16.0/STM32CubeIDE/plugins/com.st.stm32cube.ide.mcu.externaltools.gnu-tools-for-stm32.12.3.rel1.win32_1.0.200.202406191623/tools/bin/../lib/gcc/arm-none-eabi/12.3.1/../../../../arm-none-eabi/lib/thumb/v7e-m+fp/hard\libc_nano.a
LOAD C:/ST/STM32CubeIDE_1.16.0/STM32CubeIDE/plugins/com.st.stm32cube.ide.mcu.externaltools.gnu-tools-for-stm32.12.3.rel1.win32_1.0.200.202406191623/tools/bin/../lib/gcc/arm-none-eabi/12.3.1/../../../../arm-none-eabi/lib/thumb/v7e-m+fp/hard\libnosys.a
END GROUP
LOAD C:/ST/STM32CubeIDE_1.16.0/STM32CubeIDE/plugins/com.st.stm32cube.ide.mcu.externaltools.gnu-tools-for-stm32.12.3.rel1.win32_1.0.200.202406191623/tools/bin/../lib/gcc/arm-none-eabi/12.3.1/thumb/v7e-m+fp/hard/crtend.o
LOAD C:/ST/STM32CubeIDE_1.16.0/STM32CubeIDE/plugins/com.st.stm32cube.ide.mcu.externaltools.gnu-tools-for-stm32.12.3.rel1.win32_1.0.200.202406191623/tools/bin/../lib/gcc/arm-none-eabi/12.3.1/thumb/v7e-m+fp/hard/crtn.o
                0x20018000                        _estack = (ORIGIN (RAM) + LENGTH (RAM))
                0x00000200                        _Min_Heap_Size = 0x200
                0x00000400                        _Min_Stack_Size = 0x400

.isr_vector     0x08000000      0x188
                0x08000000                        . = ALIGN (0x4)
 *(.isr_vector)
 .isr_vector    0x08000000      0x188 ./Core/Startup/startup_stm32l475vgtx.o
                0x08000000                g_pfnVectors
                0x08000188                        . = ALIGN (0x4)

.text           0x08000190     0xb744
                0x08000190                        . = ALIGN (0x4)
 *(.text)
 .text          0x08000190       0x40 C:/ST/STM32CubeIDE_1.16.0/STM32CubeIDE/plugins/com.st.stm32cube.ide.mcu.externaltools.gnu-tools-for-stm32.12.3.rel1.win32_1.0.200.202406191623/tools/bin/../lib/gcc/arm-none-eabi/12.3.1/thumb/v7e-m+fp/hard/crtbegin.o
 .text          0x080001d0       0x10 C:/ST/STM32CubeIDE_1.16.0/STM32CubeIDE/plugins/com.st.stm32cube.ide.mcu.externaltools.gnu-tools-for-stm32.12.3.rel1.win32_1.0.200.202406191623/tools/bin/../lib/gcc/arm-none-eabi/12.3.1/../../../../arm-none-eabi/lib/thumb/v7e-m+fp/hard\libc_nano.a(libc_a-strlen.o)
                0x080001d0                strlen
 .text          0x080001e0       0xa0 C:/ST/STM32CubeIDE_1.16.0/STM32CubeIDE/plugins/com.st.stm32cube.ide.mcu.externaltools.gnu-tools-for-stm32.12.3.rel1.win32_1.0.200.202406191623/tools/bin/../lib/gcc/arm-none-eabi/12.3.1/../../../../arm-none-eabi/lib/thumb/v7e-m+fp/hard\libc_nano.a(libc_a-memchr.o)
                0x080001e0                memchr
 .text          0x08000280      0x378 C:/ST/STM32CubeIDE_1.16.0/STM32CubeIDE/plugins/com.st.stm32cube.ide.mcu.externaltools.gnu-tools-for-stm32.12.3.rel1.win32_1.0.200.202406191623/tools/bin/../lib/gcc/arm-none-eabi/12.3.1/thumb/v7e-m+fp/hard\libgcc.a(_arm_addsubdf3.o)
                0x08000280                __aeabi_drsub
                0x08000288                __aeabi_dsub
                0x08000288                __subdf3
                0x0800028c                __aeabi_dadd
                0x0800028c                __adddf3
                0x08000504                __floatunsidf
                0x08000504                __aeabi_ui2d
                0x08000524                __floatsidf
                0x08000524                __aeabi_i2d
                0x08000548                __aeabi_f2d
                0x08000548                __extendsfdf2
                0x0800058c                __floatundidf
                0x0800058c                __aeabi_ul2d
                0x0800059c                __floatdidf
                0x0800059c                __aeabi_l2d
 .text          0x080005f8       0xa0 C:/ST/STM32CubeIDE_1.16.0/STM32CubeIDE/plugins/com.st.stm32cube.ide.mcu.externaltools.gnu-tools-for-stm32.12.3.rel1.win32_1.0.200.202406191623/tools/bin/../lib/gcc/arm-none-eabi/12.3.1/thumb/v7e-m+fp/hard\libgcc.a(_arm_truncdfsf2.o)
                0x080005f8                __truncdfsf2
                0x080005f8                __aeabi_d2f
 .text          0x08000698       0x30 C:/ST/STM32CubeIDE_1.16.0/STM32CubeIDE/plugins/com.st.stm32cube.ide.mcu.externaltools.gnu-tools-for-stm32.12.3.rel1.win32_1.0.200.202406191623/tools/bin/../lib/gcc/arm-none-eabi/12.3.1/thumb/v7e-m+fp/hard\libgcc.a(_aeabi_uldivmod.o)
                0x08000698                __aeabi_uldivmod
 .text          0x080006c8      0x2bc C:/ST/STM32CubeIDE_1.16.0/STM32CubeIDE/plugins/com.st.stm32cube.ide.mcu.externaltools.gnu-tools-for-stm32.12.3.rel1.win32_1.0.200.202406191623/tools/bin/../lib/gcc/arm-none-eabi/12.3.1/thumb/v7e-m+fp/hard\libgcc.a(_udivmoddi4.o)
                0x080006c8                __udivmoddi4
 .text          0x08000984        0x4 C:/ST/STM32CubeIDE_1.16.0/STM32CubeIDE/plugins/com.st.stm32cube.ide.mcu.externaltools.gnu-tools-for-stm32.12.3.rel1.win32_1.0.200.202406191623/tools/bin/../lib/gcc/arm-none-eabi/12.3.1/thumb/v7e-m+fp/hard\libgcc.a(_dvmd_tls.o)
                0x08000984                __aeabi_idiv0
                0x08000984                __aeabi_ldiv0
 *(.text*)
 .text.MX_BlueNRG_MS_Init
                0x08000988      0x1c8 ./BlueNRG_MS/App/app_bluenrg_ms.o
                0x08000988                MX_BlueNRG_MS_Init
 .text.MX_BlueNRG_MS_Process
                0x08000b50       0x28 ./BlueNRG_MS/App/app_bluenrg_ms.o
                0x08000b50                MX_BlueNRG_MS_Process
 .text.User_Init
                0x08000b78       0x1c ./BlueNRG_MS/App/app_bluenrg_ms.o
                0x08000b78                User_Init
 .text.User_Process
                0x08000b94       0xb0 ./BlueNRG_MS/App/app_bluenrg_ms.o
                0x08000b94                User_Process
 .text.Set_Random_Environmental_Values
                0x08000c44      0x100 ./BlueNRG_MS/App/app_bluenrg_ms.o
 .text.Set_Random_Motion_Values
                0x08000d44     0x10dc ./BlueNRG_MS/App/app_bluenrg_ms.o
 .text.Reset_Motion_Values
                0x08001e20      0x1d4 ./BlueNRG_MS/App/app_bluenrg_ms.o
 .text.BSP_PB_Callback
                0x08001ff4       0x20 ./BlueNRG_MS/App/app_bluenrg_ms.o
                0x08001ff4                BSP_PB_Callback
 .text.Add_HWServW2ST_Service
                0x08002014      0x1a4 ./BlueNRG_MS/App/gatt_db.o
                0x08002014                Add_HWServW2ST_Service
 .text.Acc_Update
                0x080021b8      0x124 ./BlueNRG_MS/App/gatt_db.o
                0x080021b8                Acc_Update
 .text.Read_Request_CB
                0x080022dc       0x40 ./BlueNRG_MS/App/gatt_db.o
                0x080022dc                Read_Request_CB
 .text.Get_freq
                0x0800231c       0x50 ./BlueNRG_MS/App/gatt_db.o
                0x0800231c                Get_freq
 .text.Set_DeviceConnectable
                0x0800236c      0x118 ./BlueNRG_MS/App/sensor.o
                0x0800236c                Set_DeviceConnectable
 .text.user_notify
                0x08002484       0x9e ./BlueNRG_MS/App/sensor.o
                0x08002484                user_notify
 *fill*         0x08002522        0x2 
 .text.GAP_DisconnectionComplete_CB
                0x08002524       0x30 ./BlueNRG_MS/App/sensor.o
                0x08002524                GAP_DisconnectionComplete_CB
 .text.GAP_ConnectionComplete_CB
                0x08002554       0x68 ./BlueNRG_MS/App/sensor.o
                0x08002554                GAP_ConnectionComplete_CB
 .text.HCI_TL_SPI_Init
                0x080025bc       0x94 ./BlueNRG_MS/Target/hci_tl_interface.o
                0x080025bc                HCI_TL_SPI_Init
 .text.HCI_TL_SPI_DeInit
                0x08002650       0x30 ./BlueNRG_MS/Target/hci_tl_interface.o
                0x08002650                HCI_TL_SPI_DeInit
 .text.HCI_TL_SPI_Reset
                0x08002680       0x44 ./BlueNRG_MS/Target/hci_tl_interface.o
                0x08002680                HCI_TL_SPI_Reset
 .text.HCI_TL_SPI_Receive
                0x080026c4       0xb8 ./BlueNRG_MS/Target/hci_tl_interface.o
                0x080026c4                HCI_TL_SPI_Receive
 .text.HCI_TL_SPI_Send
                0x0800277c       0xac ./BlueNRG_MS/Target/hci_tl_interface.o
                0x0800277c                HCI_TL_SPI_Send
 .text.IsDataAvailable
                0x08002828       0x20 ./BlueNRG_MS/Target/hci_tl_interface.o
 .text.hci_tl_lowlevel_init
                0x08002848       0x74 ./BlueNRG_MS/Target/hci_tl_interface.o
                0x08002848                hci_tl_lowlevel_init
 .text.hci_tl_lowlevel_isr
                0x080028bc       0x22 ./BlueNRG_MS/Target/hci_tl_interface.o
                0x080028bc                hci_tl_lowlevel_isr
 *fill*         0x080028de        0x2 
 .text.vApplicationGetIdleTaskMemory
                0x080028e0       0x34 ./Core/Src/freertos.o
                0x080028e0                vApplicationGetIdleTaskMemory
 .text.main     0x08002914       0x8c ./Core/Src/main.o
                0x08002914                main
 .text.SystemClock_Config
                0x080029a0       0xc4 ./Core/Src/main.o
                0x080029a0                SystemClock_Config
 .text.MX_DFSDM1_Init
                0x08002a64       0x70 ./Core/Src/main.o
 .text.MX_I2C2_Init
                0x08002ad4       0x7c ./Core/Src/main.o
 .text.MX_QUADSPI_Init
                0x08002b50       0x4c ./Core/Src/main.o
 .text.MX_USART3_UART_Init
                0x08002b9c       0x60 ./Core/Src/main.o
 .text.MX_USB_OTG_FS_PCD_Init
                0x08002bfc       0x5c ./Core/Src/main.o
 .text.MX_GPIO_Init
                0x08002c58      0x344 ./Core/Src/main.o
 .text.StartDefaultTask
                0x08002f9c        0xe ./Core/Src/main.o
                0x08002f9c                StartDefaultTask
 .text.StartTASK_ACC
                0x08002faa       0x10 ./Core/Src/main.o
                0x08002faa                StartTASK_ACC
 .text.Error_Handler
                0x08002fba        0xc ./Core/Src/main.o
                0x08002fba                Error_Handler
 *fill*         0x08002fc6        0x2 
 .text.HAL_MspInit
                0x08002fc8       0x50 ./Core/Src/stm32l4xx_hal_msp.o
                0x08002fc8                HAL_MspInit
 .text.HAL_DFSDM_ChannelMspInit
                0x08003018       0xc8 ./Core/Src/stm32l4xx_hal_msp.o
                0x08003018                HAL_DFSDM_ChannelMspInit
 .text.HAL_I2C_MspInit
                0x080030e0       0xbc ./Core/Src/stm32l4xx_hal_msp.o
                0x080030e0                HAL_I2C_MspInit
 .text.HAL_QSPI_MspInit
                0x0800319c       0x88 ./Core/Src/stm32l4xx_hal_msp.o
                0x0800319c                HAL_QSPI_MspInit
 .text.HAL_UART_MspInit
                0x08003224       0xbc ./Core/Src/stm32l4xx_hal_msp.o
                0x08003224                HAL_UART_MspInit
 .text.HAL_PCD_MspInit
                0x080032e0      0x138 ./Core/Src/stm32l4xx_hal_msp.o
                0x080032e0                HAL_PCD_MspInit
 .text.NMI_Handler
                0x08003418        0x8 ./Core/Src/stm32l4xx_it.o
                0x08003418                NMI_Handler
 .text.HardFault_Handler
                0x08003420        0x8 ./Core/Src/stm32l4xx_it.o
                0x08003420                HardFault_Handler
 .text.MemManage_Handler
                0x08003428        0x8 ./Core/Src/stm32l4xx_it.o
                0x08003428                MemManage_Handler
 .text.BusFault_Handler
                0x08003430        0x8 ./Core/Src/stm32l4xx_it.o
                0x08003430                BusFault_Handler
 .text.UsageFault_Handler
                0x08003438        0x8 ./Core/Src/stm32l4xx_it.o
                0x08003438                UsageFault_Handler
 .text.DebugMon_Handler
                0x08003440        0xe ./Core/Src/stm32l4xx_it.o
                0x08003440                DebugMon_Handler
 .text.SysTick_Handler
                0x0800344e       0x1a ./Core/Src/stm32l4xx_it.o
                0x0800344e                SysTick_Handler
 .text.EXTI9_5_IRQHandler
                0x08003468       0x28 ./Core/Src/stm32l4xx_it.o
                0x08003468                EXTI9_5_IRQHandler
 .text.EXTI15_10_IRQHandler
                0x08003490       0x34 ./Core/Src/stm32l4xx_it.o
                0x08003490                EXTI15_10_IRQHandler
 .text._getpid  0x080034c4       0x10 ./Core/Src/syscalls.o
                0x080034c4                _getpid
 .text._kill    0x080034d4       0x20 ./Core/Src/syscalls.o
                0x080034d4                _kill
 .text._exit    0x080034f4       0x16 ./Core/Src/syscalls.o
                0x080034f4                _exit
 .text._read    0x0800350a       0x3a ./Core/Src/syscalls.o
                0x0800350a                _read
 .text._write   0x08003544       0x38 ./Core/Src/syscalls.o
                0x08003544                _write
 .text._close   0x0800357c       0x18 ./Core/Src/syscalls.o
                0x0800357c                _close
 .text._fstat   0x08003594       0x20 ./Core/Src/syscalls.o
                0x08003594                _fstat
 .text._isatty  0x080035b4       0x16 ./Core/Src/syscalls.o
                0x080035b4                _isatty
 .text._lseek   0x080035ca       0x1a ./Core/Src/syscalls.o
                0x080035ca                _lseek
 .text._sbrk    0x080035e4       0x6c ./Core/Src/sysmem.o
                0x080035e4                _sbrk
 .text.SystemInit
                0x08003650       0x24 ./Core/Src/system_stm32l4xx.o
                0x08003650                SystemInit
 .text.Reset_Handler
                0x08003674       0x50 ./Core/Startup/startup_stm32l475vgtx.o
                0x08003674                Reset_Handler
 .text.Default_Handler
                0x080036c4        0x2 ./Core/Startup/startup_stm32l475vgtx.o
                0x080036c4                RTC_Alarm_IRQHandler
                0x080036c4                EXTI2_IRQHandler
                0x080036c4                TIM8_TRG_COM_IRQHandler
                0x080036c4                TIM8_CC_IRQHandler
                0x080036c4                TIM1_CC_IRQHandler
                0x080036c4                TSC_IRQHandler
                0x080036c4                TAMP_STAMP_IRQHandler
                0x080036c4                EXTI3_IRQHandler
                0x080036c4                LPTIM2_IRQHandler
                0x080036c4                DFSDM1_FLT1_IRQHandler
                0x080036c4                I2C3_ER_IRQHandler
                0x080036c4                DFSDM1_FLT2_IRQHandler
                0x080036c4                EXTI0_IRQHandler
                0x080036c4                I2C2_EV_IRQHandler
                0x080036c4                CAN1_RX0_IRQHandler
                0x080036c4                FPU_IRQHandler
                0x080036c4                TIM1_UP_TIM16_IRQHandler
                0x080036c4                ADC1_2_IRQHandler
                0x080036c4                SPI1_IRQHandler
                0x080036c4                TIM6_DAC_IRQHandler
                0x080036c4                TIM8_UP_IRQHandler
                0x080036c4                DMA2_Channel2_IRQHandler
                0x080036c4                DMA1_Channel4_IRQHandler
                0x080036c4                SAI2_IRQHandler
                0x080036c4                DFSDM1_FLT3_IRQHandler
                0x080036c4                USART3_IRQHandler
                0x080036c4                DMA1_Channel7_IRQHandler
                0x080036c4                CAN1_RX1_IRQHandler
                0x080036c4                UART5_IRQHandler
                0x080036c4                ADC3_IRQHandler
                0x080036c4                TIM4_IRQHandler
                0x080036c4                DMA2_Channel1_IRQHandler
                0x080036c4                QUADSPI_IRQHandler
                0x080036c4                I2C1_EV_IRQHandler
                0x080036c4                DMA1_Channel6_IRQHandler
                0x080036c4                UART4_IRQHandler
                0x080036c4                DMA2_Channel4_IRQHandler
                0x080036c4                TIM3_IRQHandler
                0x080036c4                RCC_IRQHandler
                0x080036c4                DMA1_Channel1_IRQHandler
                0x080036c4                Default_Handler
                0x080036c4                DMA2_Channel7_IRQHandler
                0x080036c4                TIM7_IRQHandler
                0x080036c4                SDMMC1_IRQHandler
                0x080036c4                TIM5_IRQHandler
                0x080036c4                I2C3_EV_IRQHandler
                0x080036c4                RTC_WKUP_IRQHandler
                0x080036c4                PVD_PVM_IRQHandler
                0x080036c4                SPI2_IRQHandler
                0x080036c4                CAN1_TX_IRQHandler
                0x080036c4                DMA2_Channel5_IRQHandler
                0x080036c4                DMA1_Channel5_IRQHandler
                0x080036c4                EXTI4_IRQHandler
                0x080036c4                RNG_IRQHandler
                0x080036c4                TIM1_TRG_COM_TIM17_IRQHandler
                0x080036c4                DMA1_Channel3_IRQHandler
                0x080036c4                COMP_IRQHandler
                0x080036c4                WWDG_IRQHandler
                0x080036c4                LPUART1_IRQHandler
                0x080036c4                DMA2_Channel6_IRQHandler
                0x080036c4                TIM2_IRQHandler
                0x080036c4                EXTI1_IRQHandler
                0x080036c4                USART2_IRQHandler
                0x080036c4                DFSDM1_FLT0_IRQHandler
                0x080036c4                I2C2_ER_IRQHandler
                0x080036c4                DMA1_Channel2_IRQHandler
                0x080036c4                TIM8_BRK_IRQHandler
                0x080036c4                CAN1_SCE_IRQHandler
                0x080036c4                FLASH_IRQHandler
                0x080036c4                USART1_IRQHandler
                0x080036c4                OTG_FS_IRQHandler
                0x080036c4                SPI3_IRQHandler
                0x080036c4                I2C1_ER_IRQHandler
                0x080036c4                FMC_IRQHandler
                0x080036c4                SWPMI1_IRQHandler
                0x080036c4                LPTIM1_IRQHandler
                0x080036c4                SAI1_IRQHandler
                0x080036c4                DMA2_Channel3_IRQHandler
                0x080036c4                TIM1_BRK_TIM15_IRQHandler
 *fill*         0x080036c6        0x2 
 .text.BSP_LED_Init
                0x080036c8       0x24 ./Drivers/BSP/B-L475E-IOT01A2/b_l475e_iot01a2.o
                0x080036c8                BSP_LED_Init
 .text.BSP_LED_Toggle
                0x080036ec       0x2c ./Drivers/BSP/B-L475E-IOT01A2/b_l475e_iot01a2.o
                0x080036ec                BSP_LED_Toggle
 .text.LED_USER_GPIO_Init
                0x08003718       0x80 ./Drivers/BSP/B-L475E-IOT01A2/b_l475e_iot01a2.o
 .text.BSP_PB_Init
                0x08003798       0xa8 ./Drivers/BSP/B-L475E-IOT01A2/b_l475e_iot01a2.o
                0x08003798                BSP_PB_Init
 .text.BSP_PB_GetState
                0x08003840       0x38 ./Drivers/BSP/B-L475E-IOT01A2/b_l475e_iot01a2.o
                0x08003840                BSP_PB_GetState
 .text.BUTTON_USER_EXTI_Callback
                0x08003878        0xe ./Drivers/BSP/B-L475E-IOT01A2/b_l475e_iot01a2.o
 *fill*         0x08003886        0x2 
 .text.BUTTON_USER_GPIO_Init
                0x08003888       0x74 ./Drivers/BSP/B-L475E-IOT01A2/b_l475e_iot01a2.o
 .text.BSP_COM_Init
                0x080038fc       0x7c ./Drivers/BSP/B-L475E-IOT01A2/b_l475e_iot01a2.o
                0x080038fc                BSP_COM_Init
 .text.MX_USART1_UART_Init
                0x08003978       0x68 ./Drivers/BSP/B-L475E-IOT01A2/b_l475e_iot01a2.o
                0x08003978                MX_USART1_UART_Init
 .text.__io_putchar
                0x080039e0       0x38 ./Drivers/BSP/B-L475E-IOT01A2/b_l475e_iot01a2.o
                0x080039e0                __io_putchar
 .text.USART1_MspInit
                0x08003a18       0xbc ./Drivers/BSP/B-L475E-IOT01A2/b_l475e_iot01a2.o
 .text.BSP_SPI3_Init
                0x08003ad4       0x60 ./Drivers/BSP/B-L475E-IOT01A2/b_l475e_iot01a2_bus.o
                0x08003ad4                BSP_SPI3_Init
 .text.BSP_SPI3_SendRecv
                0x08003b34       0x40 ./Drivers/BSP/B-L475E-IOT01A2/b_l475e_iot01a2_bus.o
                0x08003b34                BSP_SPI3_SendRecv
 .text.BSP_GetTick
                0x08003b74        0xe ./Drivers/BSP/B-L475E-IOT01A2/b_l475e_iot01a2_bus.o
                0x08003b74                BSP_GetTick
 *fill*         0x08003b82        0x2 
 .text.MX_SPI3_Init
                0x08003b84       0x84 ./Drivers/BSP/B-L475E-IOT01A2/b_l475e_iot01a2_bus.o
                0x08003b84                MX_SPI3_Init
 .text.SPI3_MspInit
                0x08003c08       0xb0 ./Drivers/BSP/B-L475E-IOT01A2/b_l475e_iot01a2_bus.o
 .text.HAL_Init
                0x08003cb8       0x30 ./Drivers/STM32L4xx_HAL_Driver/Src/stm32l4xx_hal.o
                0x08003cb8                HAL_Init
 .text.HAL_InitTick
                0x08003ce8       0x78 ./Drivers/STM32L4xx_HAL_Driver/Src/stm32l4xx_hal.o
                0x08003ce8                HAL_InitTick
 .text.HAL_IncTick
                0x08003d60       0x28 ./Drivers/STM32L4xx_HAL_Driver/Src/stm32l4xx_hal.o
                0x08003d60                HAL_IncTick
 .text.HAL_GetTick
                0x08003d88       0x18 ./Drivers/STM32L4xx_HAL_Driver/Src/stm32l4xx_hal.o
                0x08003d88                HAL_GetTick
 .text.HAL_Delay
                0x08003da0       0x48 ./Drivers/STM32L4xx_HAL_Driver/Src/stm32l4xx_hal.o
                0x08003da0                HAL_Delay
 .text.__NVIC_SetPriorityGrouping
                0x08003de8       0x48 ./Drivers/STM32L4xx_HAL_Driver/Src/stm32l4xx_hal_cortex.o
 .text.__NVIC_GetPriorityGrouping
                0x08003e30       0x1c ./Drivers/STM32L4xx_HAL_Driver/Src/stm32l4xx_hal_cortex.o
 .text.__NVIC_EnableIRQ
                0x08003e4c       0x3c ./Drivers/STM32L4xx_HAL_Driver/Src/stm32l4xx_hal_cortex.o
 .text.__NVIC_SetPriority
                0x08003e88       0x54 ./Drivers/STM32L4xx_HAL_Driver/Src/stm32l4xx_hal_cortex.o
 .text.NVIC_EncodePriority
                0x08003edc       0x66 ./Drivers/STM32L4xx_HAL_Driver/Src/stm32l4xx_hal_cortex.o
 *fill*         0x08003f42        0x2 
 .text.SysTick_Config
                0x08003f44       0x44 ./Drivers/STM32L4xx_HAL_Driver/Src/stm32l4xx_hal_cortex.o
 .text.HAL_NVIC_SetPriorityGrouping
                0x08003f88       0x16 ./Drivers/STM32L4xx_HAL_Driver/Src/stm32l4xx_hal_cortex.o
                0x08003f88                HAL_NVIC_SetPriorityGrouping
 .text.HAL_NVIC_SetPriority
                0x08003f9e       0x38 ./Drivers/STM32L4xx_HAL_Driver/Src/stm32l4xx_hal_cortex.o
                0x08003f9e                HAL_NVIC_SetPriority
 .text.HAL_NVIC_EnableIRQ
                0x08003fd6       0x1c ./Drivers/STM32L4xx_HAL_Driver/Src/stm32l4xx_hal_cortex.o
                0x08003fd6                HAL_NVIC_EnableIRQ
 .text.HAL_SYSTICK_Config
                0x08003ff2       0x18 ./Drivers/STM32L4xx_HAL_Driver/Src/stm32l4xx_hal_cortex.o
                0x08003ff2                HAL_SYSTICK_Config
 *fill*         0x0800400a        0x2 
 .text.HAL_DFSDM_ChannelInit
                0x0800400c      0x180 ./Drivers/STM32L4xx_HAL_Driver/Src/stm32l4xx_hal_dfsdm.o
                0x0800400c                HAL_DFSDM_ChannelInit
 .text.DFSDM_GetChannelFromInstance
                0x0800418c       0x98 ./Drivers/STM32L4xx_HAL_Driver/Src/stm32l4xx_hal_dfsdm.o
 .text.HAL_EXTI_RegisterCallback
                0x08004224       0x34 ./Drivers/STM32L4xx_HAL_Driver/Src/stm32l4xx_hal_exti.o
                0x08004224                HAL_EXTI_RegisterCallback
 .text.HAL_EXTI_GetHandle
                0x08004258       0x28 ./Drivers/STM32L4xx_HAL_Driver/Src/stm32l4xx_hal_exti.o
                0x08004258                HAL_EXTI_GetHandle
 .text.HAL_EXTI_IRQHandler
                0x08004280       0x60 ./Drivers/STM32L4xx_HAL_Driver/Src/stm32l4xx_hal_exti.o
                0x08004280                HAL_EXTI_IRQHandler
 .text.HAL_GPIO_Init
                0x080042e0      0x354 ./Drivers/STM32L4xx_HAL_Driver/Src/stm32l4xx_hal_gpio.o
                0x080042e0                HAL_GPIO_Init
 .text.HAL_GPIO_DeInit
                0x08004634      0x1e8 ./Drivers/STM32L4xx_HAL_Driver/Src/stm32l4xx_hal_gpio.o
                0x08004634                HAL_GPIO_DeInit
 .text.HAL_GPIO_ReadPin
                0x0800481c       0x30 ./Drivers/STM32L4xx_HAL_Driver/Src/stm32l4xx_hal_gpio.o
                0x0800481c                HAL_GPIO_ReadPin
 .text.HAL_GPIO_WritePin
                0x0800484c       0x30 ./Drivers/STM32L4xx_HAL_Driver/Src/stm32l4xx_hal_gpio.o
                0x0800484c                HAL_GPIO_WritePin
 .text.HAL_GPIO_TogglePin
                0x0800487c       0x34 ./Drivers/STM32L4xx_HAL_Driver/Src/stm32l4xx_hal_gpio.o
                0x0800487c                HAL_GPIO_TogglePin
 .text.HAL_GPIO_EXTI_IRQHandler
                0x080048b0       0x30 ./Drivers/STM32L4xx_HAL_Driver/Src/stm32l4xx_hal_gpio.o
                0x080048b0                HAL_GPIO_EXTI_IRQHandler
 .text.HAL_GPIO_EXTI_Callback
                0x080048e0       0x16 ./Drivers/STM32L4xx_HAL_Driver/Src/stm32l4xx_hal_gpio.o
                0x080048e0                HAL_GPIO_EXTI_Callback
 .text.HAL_I2C_Init
                0x080048f6      0x136 ./Drivers/STM32L4xx_HAL_Driver/Src/stm32l4xx_hal_i2c.o
                0x080048f6                HAL_I2C_Init
 .text.HAL_I2CEx_ConfigAnalogFilter
                0x08004a2c       0x96 ./Drivers/STM32L4xx_HAL_Driver/Src/stm32l4xx_hal_i2c_ex.o
                0x08004a2c                HAL_I2CEx_ConfigAnalogFilter
 .text.HAL_I2CEx_ConfigDigitalFilter
                0x08004ac2       0x98 ./Drivers/STM32L4xx_HAL_Driver/Src/stm32l4xx_hal_i2c_ex.o
                0x08004ac2                HAL_I2CEx_ConfigDigitalFilter
 .text.HAL_PCD_Init
                0x08004b5a      0x21e ./Drivers/STM32L4xx_HAL_Driver/Src/stm32l4xx_hal_pcd.o
                0x08004b5a                HAL_PCD_Init
 .text.HAL_PCDEx_ActivateLPM
                0x08004d78       0x48 ./Drivers/STM32L4xx_HAL_Driver/Src/stm32l4xx_hal_pcd_ex.o
                0x08004d78                HAL_PCDEx_ActivateLPM
 .text.HAL_PWR_EnableBkUpAccess
                0x08004dc0       0x20 ./Drivers/STM32L4xx_HAL_Driver/Src/stm32l4xx_hal_pwr.o
                0x08004dc0                HAL_PWR_EnableBkUpAccess
 .text.HAL_PWREx_GetVoltageRange
                0x08004de0       0x1c ./Drivers/STM32L4xx_HAL_Driver/Src/stm32l4xx_hal_pwr_ex.o
                0x08004de0                HAL_PWREx_GetVoltageRange
 .text.HAL_PWREx_ControlVoltageScaling
                0x08004dfc       0xac ./Drivers/STM32L4xx_HAL_Driver/Src/stm32l4xx_hal_pwr_ex.o
                0x08004dfc                HAL_PWREx_ControlVoltageScaling
 .text.HAL_PWREx_EnableVddUSB
                0x08004ea8       0x20 ./Drivers/STM32L4xx_HAL_Driver/Src/stm32l4xx_hal_pwr_ex.o
                0x08004ea8                HAL_PWREx_EnableVddUSB
 .text.HAL_QSPI_Init
                0x08004ec8       0xec ./Drivers/STM32L4xx_HAL_Driver/Src/stm32l4xx_hal_qspi.o
                0x08004ec8                HAL_QSPI_Init
 .text.HAL_QSPI_SetTimeout
                0x08004fb4       0x1c ./Drivers/STM32L4xx_HAL_Driver/Src/stm32l4xx_hal_qspi.o
                0x08004fb4                HAL_QSPI_SetTimeout
 .text.QSPI_WaitFlagStateUntilTimeout
                0x08004fd0       0x6e ./Drivers/STM32L4xx_HAL_Driver/Src/stm32l4xx_hal_qspi.o
 *fill*         0x0800503e        0x2 
 .text.HAL_RCC_OscConfig
                0x08005040      0x7b8 ./Drivers/STM32L4xx_HAL_Driver/Src/stm32l4xx_hal_rcc.o
                0x08005040                HAL_RCC_OscConfig
 .text.HAL_RCC_ClockConfig
                0x080057f8      0x200 ./Drivers/STM32L4xx_HAL_Driver/Src/stm32l4xx_hal_rcc.o
                0x080057f8                HAL_RCC_ClockConfig
 .text.HAL_RCC_GetSysClockFreq
                0x080059f8      0x118 ./Drivers/STM32L4xx_HAL_Driver/Src/stm32l4xx_hal_rcc.o
                0x080059f8                HAL_RCC_GetSysClockFreq
 .text.HAL_RCC_GetHCLKFreq
                0x08005b10       0x18 ./Drivers/STM32L4xx_HAL_Driver/Src/stm32l4xx_hal_rcc.o
                0x08005b10                HAL_RCC_GetHCLKFreq
 .text.HAL_RCC_GetPCLK1Freq
                0x08005b28       0x2c ./Drivers/STM32L4xx_HAL_Driver/Src/stm32l4xx_hal_rcc.o
                0x08005b28                HAL_RCC_GetPCLK1Freq
 .text.HAL_RCC_GetPCLK2Freq
                0x08005b54       0x2c ./Drivers/STM32L4xx_HAL_Driver/Src/stm32l4xx_hal_rcc.o
                0x08005b54                HAL_RCC_GetPCLK2Freq
 .text.RCC_SetFlashLatencyFromMSIRange
                0x08005b80       0xc0 ./Drivers/STM32L4xx_HAL_Driver/Src/stm32l4xx_hal_rcc.o
 .text.HAL_RCCEx_PeriphCLKConfig
                0x08005c40      0x5d4 ./Drivers/STM32L4xx_HAL_Driver/Src/stm32l4xx_hal_rcc_ex.o
                0x08005c40                HAL_RCCEx_PeriphCLKConfig
 .text.HAL_RCCEx_EnableMSIPLLMode
                0x08006214       0x20 ./Drivers/STM32L4xx_HAL_Driver/Src/stm32l4xx_hal_rcc_ex.o
                0x08006214                HAL_RCCEx_EnableMSIPLLMode
 .text.RCCEx_PLLSAI1_Config
                0x08006234      0x1e8 ./Drivers/STM32L4xx_HAL_Driver/Src/stm32l4xx_hal_rcc_ex.o
 .text.RCCEx_PLLSAI2_Config
                0x0800641c      0x1bc ./Drivers/STM32L4xx_HAL_Driver/Src/stm32l4xx_hal_rcc_ex.o
 .text.HAL_SPI_Init
                0x080065d8      0x146 ./Drivers/STM32L4xx_HAL_Driver/Src/stm32l4xx_hal_spi.o
                0x080065d8                HAL_SPI_Init
 .text.HAL_SPI_MspInit
                0x0800671e       0x14 ./Drivers/STM32L4xx_HAL_Driver/Src/stm32l4xx_hal_spi.o
                0x0800671e                HAL_SPI_MspInit
 .text.HAL_SPI_TransmitReceive
                0x08006732      0x43e ./Drivers/STM32L4xx_HAL_Driver/Src/stm32l4xx_hal_spi.o
                0x08006732                HAL_SPI_TransmitReceive
 .text.HAL_SPI_GetState
                0x08006b70       0x1c ./Drivers/STM32L4xx_HAL_Driver/Src/stm32l4xx_hal_spi.o
                0x08006b70                HAL_SPI_GetState
 .text.SPI_WaitFlagStateUntilTimeout
                0x08006b8c      0x110 ./Drivers/STM32L4xx_HAL_Driver/Src/stm32l4xx_hal_spi.o
 .text.SPI_WaitFifoStateUntilTimeout
                0x08006c9c      0x12c ./Drivers/STM32L4xx_HAL_Driver/Src/stm32l4xx_hal_spi.o
 .text.SPI_EndRxTxTransaction
                0x08006dc8       0x8c ./Drivers/STM32L4xx_HAL_Driver/Src/stm32l4xx_hal_spi.o
 .text.HAL_UART_Init
                0x08006e54       0x9c ./Drivers/STM32L4xx_HAL_Driver/Src/stm32l4xx_hal_uart.o
                0x08006e54                HAL_UART_Init
 .text.HAL_UART_Transmit
                0x08006ef0      0x112 ./Drivers/STM32L4xx_HAL_Driver/Src/stm32l4xx_hal_uart.o
                0x08006ef0                HAL_UART_Transmit
 *fill*         0x08007002        0x2 
 .text.UART_SetConfig
                0x08007004      0x570 ./Drivers/STM32L4xx_HAL_Driver/Src/stm32l4xx_hal_uart.o
                0x08007004                UART_SetConfig
 .text.UART_AdvFeatureConfig
                0x08007574      0x144 ./Drivers/STM32L4xx_HAL_Driver/Src/stm32l4xx_hal_uart.o
                0x08007574                UART_AdvFeatureConfig
 .text.UART_CheckIdleState
                0x080076b8      0x150 ./Drivers/STM32L4xx_HAL_Driver/Src/stm32l4xx_hal_uart.o
                0x080076b8                UART_CheckIdleState
 .text.UART_WaitOnFlagUntilTimeout
                0x08007808       0xda ./Drivers/STM32L4xx_HAL_Driver/Src/stm32l4xx_hal_uart.o
                0x08007808                UART_WaitOnFlagUntilTimeout
 .text.UART_EndRxTransfer
                0x080078e2       0xc8 ./Drivers/STM32L4xx_HAL_Driver/Src/stm32l4xx_hal_uart.o
 .text.USB_CoreInit
                0x080079aa       0x5a ./Drivers/STM32L4xx_HAL_Driver/Src/stm32l4xx_ll_usb.o
                0x080079aa                USB_CoreInit
 .text.USB_DisableGlobalInt
                0x08007a04       0x22 ./Drivers/STM32L4xx_HAL_Driver/Src/stm32l4xx_ll_usb.o
                0x08007a04                USB_DisableGlobalInt
 .text.USB_SetCurrentMode
                0x08007a26       0x98 ./Drivers/STM32L4xx_HAL_Driver/Src/stm32l4xx_ll_usb.o
                0x08007a26                USB_SetCurrentMode
 *fill*         0x08007abe        0x2 
 .text.USB_DevInit
                0x08007ac0      0x290 ./Drivers/STM32L4xx_HAL_Driver/Src/stm32l4xx_ll_usb.o
                0x08007ac0                USB_DevInit
 .text.USB_FlushTxFifo
                0x08007d50       0x64 ./Drivers/STM32L4xx_HAL_Driver/Src/stm32l4xx_ll_usb.o
                0x08007d50                USB_FlushTxFifo
 .text.USB_FlushRxFifo
                0x08007db4       0x5c ./Drivers/STM32L4xx_HAL_Driver/Src/stm32l4xx_ll_usb.o
                0x08007db4                USB_FlushRxFifo
 .text.USB_SetDevSpeed
                0x08007e10       0x32 ./Drivers/STM32L4xx_HAL_Driver/Src/stm32l4xx_ll_usb.o
                0x08007e10                USB_SetDevSpeed
 .text.USB_DevDisconnect
                0x08007e42       0x42 ./Drivers/STM32L4xx_HAL_Driver/Src/stm32l4xx_ll_usb.o
                0x08007e42                USB_DevDisconnect
 .text.USB_GetMode
                0x08007e84       0x1c ./Drivers/STM32L4xx_HAL_Driver/Src/stm32l4xx_ll_usb.o
                0x08007e84                USB_GetMode
 .text.USB_CoreReset
                0x08007ea0       0x62 ./Drivers/STM32L4xx_HAL_Driver/Src/stm32l4xx_ll_usb.o
 .text.aci_gap_init_IDB05A1
                0x08007f02       0xa0 ./Middlewares/ST/BlueNRG-MS/hci/controller/bluenrg_gap_aci.o
                0x08007f02                aci_gap_init_IDB05A1
 .text.aci_gap_init_IDB04A1
                0x08007fa2       0x94 ./Middlewares/ST/BlueNRG-MS/hci/controller/bluenrg_gap_aci.o
                0x08007fa2                aci_gap_init_IDB04A1
 .text.aci_gap_set_discoverable
                0x08008036      0x1d4 ./Middlewares/ST/BlueNRG-MS/hci/controller/bluenrg_gap_aci.o
                0x08008036                aci_gap_set_discoverable
 .text.aci_gap_set_auth_requirement
                0x0800820a       0xae ./Middlewares/ST/BlueNRG-MS/hci/controller/bluenrg_gap_aci.o
                0x0800820a                aci_gap_set_auth_requirement
 .text.aci_gap_update_adv_data
                0x080082b8       0xa2 ./Middlewares/ST/BlueNRG-MS/hci/controller/bluenrg_gap_aci.o
                0x080082b8                aci_gap_update_adv_data
 .text.aci_gatt_init
                0x0800835a       0x46 ./Middlewares/ST/BlueNRG-MS/hci/controller/bluenrg_gatt_aci.o
                0x0800835a                aci_gatt_init
 .text.aci_gatt_add_serv
                0x080083a0      0x112 ./Middlewares/ST/BlueNRG-MS/hci/controller/bluenrg_gatt_aci.o
                0x080083a0                aci_gatt_add_serv
 .text.aci_gatt_add_char
                0x080084b2      0x196 ./Middlewares/ST/BlueNRG-MS/hci/controller/bluenrg_gatt_aci.o
                0x080084b2                aci_gatt_add_char
 .text.aci_gatt_update_char_value
                0x08008648      0x120 ./Middlewares/ST/BlueNRG-MS/hci/controller/bluenrg_gatt_aci.o
                0x08008648                aci_gatt_update_char_value
 .text.aci_gatt_allow_read
                0x08008768       0x5a ./Middlewares/ST/BlueNRG-MS/hci/controller/bluenrg_gatt_aci.o
                0x08008768                aci_gatt_allow_read
 .text.aci_gatt_read_handle_value
                0x080087c2       0xac ./Middlewares/ST/BlueNRG-MS/hci/controller/bluenrg_gatt_aci.o
                0x080087c2                aci_gatt_read_handle_value
 .text.aci_hal_read_config_data
                0x0800886e       0xaa ./Middlewares/ST/BlueNRG-MS/hci/controller/bluenrg_hal_aci.o
                0x0800886e                aci_hal_read_config_data
 .text.aci_hal_set_tx_power_level
                0x08008918       0x62 ./Middlewares/ST/BlueNRG-MS/hci/controller/bluenrg_hal_aci.o
                0x08008918                aci_hal_set_tx_power_level
 .text.getBlueNRGVersion
                0x0800897a       0x88 ./Middlewares/ST/BlueNRG-MS/hci/controller/bluenrg_utils_small.o
                0x0800897a                getBlueNRGVersion
 .text.hci_reset
                0x08008a02       0x44 ./Middlewares/ST/BlueNRG-MS/hci/hci_le.o
                0x08008a02                hci_reset
 .text.hci_le_read_local_version
                0x08008a46       0x94 ./Middlewares/ST/BlueNRG-MS/hci/hci_le.o
                0x08008a46                hci_le_read_local_version
 .text.hci_le_set_scan_resp_data
                0x08008ada       0x82 ./Middlewares/ST/BlueNRG-MS/hci/hci_le.o
                0x08008ada                hci_le_set_scan_resp_data
 .text.verify_packet
                0x08008b5c       0x40 ./Middlewares/ST/BlueNRG-MS/hci/hci_tl_patterns/Basic/hci_tl.o
 .text.send_cmd
                0x08008b9c       0x80 ./Middlewares/ST/BlueNRG-MS/hci/hci_tl_patterns/Basic/hci_tl.o
 .text.move_list
                0x08008c1c       0x38 ./Middlewares/ST/BlueNRG-MS/hci/hci_tl_patterns/Basic/hci_tl.o
 .text.free_event_list
                0x08008c54       0x3c ./Middlewares/ST/BlueNRG-MS/hci/hci_tl_patterns/Basic/hci_tl.o
 .text.hci_init
                0x08008c90       0x84 ./Middlewares/ST/BlueNRG-MS/hci/hci_tl_patterns/Basic/hci_tl.o
                0x08008c90                hci_init
 .text.hci_register_io_bus
                0x08008d14       0x40 ./Middlewares/ST/BlueNRG-MS/hci/hci_tl_patterns/Basic/hci_tl.o
                0x08008d14                hci_register_io_bus
 .text.hci_send_req
                0x08008d54      0x230 ./Middlewares/ST/BlueNRG-MS/hci/hci_tl_patterns/Basic/hci_tl.o
                0x08008d54                hci_send_req
 .text.hci_user_evt_proc
                0x08008f84       0x58 ./Middlewares/ST/BlueNRG-MS/hci/hci_tl_patterns/Basic/hci_tl.o
                0x08008f84                hci_user_evt_proc
 .text.hci_notify_asynch_evt
                0x08008fdc       0x9c ./Middlewares/ST/BlueNRG-MS/hci/hci_tl_patterns/Basic/hci_tl.o
                0x08008fdc                hci_notify_asynch_evt
 .text.list_init_head
                0x08009078       0x20 ./Middlewares/ST/BlueNRG-MS/utils/ble_list.o
                0x08009078                list_init_head
 .text.list_is_empty
                0x08009098       0x44 ./Middlewares/ST/BlueNRG-MS/utils/ble_list.o
                0x08009098                list_is_empty
 .text.list_insert_head
                0x080090dc       0x4c ./Middlewares/ST/BlueNRG-MS/utils/ble_list.o
                0x080090dc                list_insert_head
 .text.list_insert_tail
                0x08009128       0x4c ./Middlewares/ST/BlueNRG-MS/utils/ble_list.o
                0x08009128                list_insert_tail
 .text.list_remove_node
                0x08009174       0x42 ./Middlewares/ST/BlueNRG-MS/utils/ble_list.o
                0x08009174                list_remove_node
 .text.list_remove_head
                0x080091b6       0x4e ./Middlewares/ST/BlueNRG-MS/utils/ble_list.o
                0x080091b6                list_remove_head
 .text.list_remove_tail
                0x08009204       0x4e ./Middlewares/ST/BlueNRG-MS/utils/ble_list.o
                0x08009204                list_remove_tail
 .text.list_get_size
                0x08009252       0x50 ./Middlewares/ST/BlueNRG-MS/utils/ble_list.o
                0x08009252                list_get_size
 .text.makeFreeRtosPriority
                0x080092a2       0x30 ./Middlewares/Third_Party/FreeRTOS/Source/CMSIS_RTOS/cmsis_os.o
 .text.osKernelStart
                0x080092d2        0xe ./Middlewares/Third_Party/FreeRTOS/Source/CMSIS_RTOS/cmsis_os.o
                0x080092d2                osKernelStart
 .text.osThreadCreate
                0x080092e0       0x98 ./Middlewares/Third_Party/FreeRTOS/Source/CMSIS_RTOS/cmsis_os.o
                0x080092e0                osThreadCreate
 .text.osDelay  0x08009378       0x28 ./Middlewares/Third_Party/FreeRTOS/Source/CMSIS_RTOS/cmsis_os.o
                0x08009378                osDelay
 .text.vListInitialise
                0x080093a0       0x40 ./Middlewares/Third_Party/FreeRTOS/Source/list.o
                0x080093a0                vListInitialise
 .text.vListInitialiseItem
                0x080093e0       0x1a ./Middlewares/Third_Party/FreeRTOS/Source/list.o
                0x080093e0                vListInitialiseItem
 .text.vListInsertEnd
                0x080093fa       0x48 ./Middlewares/Third_Party/FreeRTOS/Source/list.o
                0x080093fa                vListInsertEnd
 .text.vListInsert
                0x08009442       0x72 ./Middlewares/Third_Party/FreeRTOS/Source/list.o
                0x08009442                vListInsert
 .text.uxListRemove
                0x080094b4       0x54 ./Middlewares/Third_Party/FreeRTOS/Source/list.o
                0x080094b4                uxListRemove
 .text.xTaskCreateStatic
                0x08009508       0xc0 ./Middlewares/Third_Party/FreeRTOS/Source/tasks.o
                0x08009508                xTaskCreateStatic
 .text.xTaskCreate
                0x080095c8       0x8a ./Middlewares/Third_Party/FreeRTOS/Source/tasks.o
                0x080095c8                xTaskCreate
 .text.prvInitialiseNewTask
                0x08009652      0x110 ./Middlewares/Third_Party/FreeRTOS/Source/tasks.o
 *fill*         0x08009762        0x2 
 .text.prvAddNewTaskToReadyList
                0x08009764       0xd4 ./Middlewares/Third_Party/FreeRTOS/Source/tasks.o
 .text.vTaskDelay
                0x08009838       0x6c ./Middlewares/Third_Party/FreeRTOS/Source/tasks.o
                0x08009838                vTaskDelay
 .text.vTaskStartScheduler
                0x080098a4       0xc4 ./Middlewares/Third_Party/FreeRTOS/Source/tasks.o
                0x080098a4                vTaskStartScheduler
 .text.vTaskSuspendAll
                0x08009968       0x1c ./Middlewares/Third_Party/FreeRTOS/Source/tasks.o
                0x08009968                vTaskSuspendAll
 .text.xTaskResumeAll
                0x08009984      0x13c ./Middlewares/Third_Party/FreeRTOS/Source/tasks.o
                0x08009984                xTaskResumeAll
 .text.xTaskIncrementTick
                0x08009ac0      0x174 ./Middlewares/Third_Party/FreeRTOS/Source/tasks.o
                0x08009ac0                xTaskIncrementTick
 .text.vTaskSwitchContext
                0x08009c34       0xb8 ./Middlewares/Third_Party/FreeRTOS/Source/tasks.o
                0x08009c34                vTaskSwitchContext
 .text.prvIdleTask
                0x08009cec       0x30 ./Middlewares/Third_Party/FreeRTOS/Source/tasks.o
 .text.prvInitialiseTaskLists
                0x08009d1c       0x80 ./Middlewares/Third_Party/FreeRTOS/Source/tasks.o
 .text.prvCheckTasksWaitingTermination
                0x08009d9c       0x5c ./Middlewares/Third_Party/FreeRTOS/Source/tasks.o
 .text.prvDeleteTCB
                0x08009df8       0x60 ./Middlewares/Third_Party/FreeRTOS/Source/tasks.o
 .text.prvResetNextTaskUnblockTime
                0x08009e58       0x40 ./Middlewares/Third_Party/FreeRTOS/Source/tasks.o
 .text.xTaskGetSchedulerState
                0x08009e98       0x3c ./Middlewares/Third_Party/FreeRTOS/Source/tasks.o
                0x08009e98                xTaskGetSchedulerState
 .text.prvAddCurrentTaskToDelayedList
                0x08009ed4       0xcc ./Middlewares/Third_Party/FreeRTOS/Source/tasks.o
 .text.pxPortInitialiseStack
                0x08009fa0       0x68 ./Middlewares/Third_Party/FreeRTOS/Source/portable/GCC/ARM_CM4F/port.o
                0x08009fa0                pxPortInitialiseStack
 .text.prvTaskExitError
                0x0800a008       0x5c ./Middlewares/Third_Party/FreeRTOS/Source/portable/GCC/ARM_CM4F/port.o
 *fill*         0x0800a064        0xc 
 .text.SVC_Handler
                0x0800a070       0x28 ./Middlewares/Third_Party/FreeRTOS/Source/portable/GCC/ARM_CM4F/port.o
                0x0800a070                SVC_Handler
 .text.prvPortStartFirstTask
                0x0800a098       0x28 ./Middlewares/Third_Party/FreeRTOS/Source/portable/GCC/ARM_CM4F/port.o
 .text.xPortStartScheduler
                0x0800a0c0      0x148 ./Middlewares/Third_Party/FreeRTOS/Source/portable/GCC/ARM_CM4F/port.o
                0x0800a0c0                xPortStartScheduler
 .text.vPortEnterCritical
                0x0800a208       0x64 ./Middlewares/Third_Party/FreeRTOS/Source/portable/GCC/ARM_CM4F/port.o
                0x0800a208                vPortEnterCritical
 .text.vPortExitCritical
                0x0800a26c       0x54 ./Middlewares/Third_Party/FreeRTOS/Source/portable/GCC/ARM_CM4F/port.o
                0x0800a26c                vPortExitCritical
 .text.PendSV_Handler
                0x0800a2c0       0x68 ./Middlewares/Third_Party/FreeRTOS/Source/portable/GCC/ARM_CM4F/port.o
                0x0800a2c0                PendSV_Handler
 .text.xPortSysTickHandler
                0x0800a328       0x44 ./Middlewares/Third_Party/FreeRTOS/Source/portable/GCC/ARM_CM4F/port.o
                0x0800a328                xPortSysTickHandler
 .text.vPortSetupTimerInterrupt
                0x0800a36c       0x48 ./Middlewares/Third_Party/FreeRTOS/Source/portable/GCC/ARM_CM4F/port.o
                0x0800a36c                vPortSetupTimerInterrupt
 .text.vPortEnableVFP
                0x0800a3b4       0x14 ./Middlewares/Third_Party/FreeRTOS/Source/portable/GCC/ARM_CM4F/port.o
 .text.pvPortMalloc
                0x0800a3c8      0x19c ./Middlewares/Third_Party/FreeRTOS/Source/portable/MemMang/heap_4.o
                0x0800a3c8                pvPortMalloc
 .text.vPortFree
                0x0800a564       0xc8 ./Middlewares/Third_Party/FreeRTOS/Source/portable/MemMang/heap_4.o
                0x0800a564                vPortFree
 .text.prvHeapInit
                0x0800a62c       0xc4 ./Middlewares/Third_Party/FreeRTOS/Source/portable/MemMang/heap_4.o
 .text.prvInsertBlockIntoFreeList
                0x0800a6f0       0xb4 ./Middlewares/Third_Party/FreeRTOS/Source/portable/MemMang/heap_4.o
 .text.srand    0x0800a7a4       0x5c C:/ST/STM32CubeIDE_1.16.0/STM32CubeIDE/plugins/com.st.stm32cube.ide.mcu.externaltools.gnu-tools-for-stm32.12.3.rel1.win32_1.0.200.202406191623/tools/bin/../lib/gcc/arm-none-eabi/12.3.1/../../../../arm-none-eabi/lib/thumb/v7e-m+fp/hard\libc_nano.a(libc_a-rand.o)
                0x0800a7a4                srand
 .text.rand     0x0800a800       0x7c C:/ST/STM32CubeIDE_1.16.0/STM32CubeIDE/plugins/com.st.stm32cube.ide.mcu.externaltools.gnu-tools-for-stm32.12.3.rel1.win32_1.0.200.202406191623/tools/bin/../lib/gcc/arm-none-eabi/12.3.1/../../../../arm-none-eabi/lib/thumb/v7e-m+fp/hard\libc_nano.a(libc_a-rand.o)
                0x0800a800                rand
 .text.std      0x0800a87c       0x6c C:/ST/STM32CubeIDE_1.16.0/STM32CubeIDE/plugins/com.st.stm32cube.ide.mcu.externaltools.gnu-tools-for-stm32.12.3.rel1.win32_1.0.200.202406191623/tools/bin/../lib/gcc/arm-none-eabi/12.3.1/../../../../arm-none-eabi/lib/thumb/v7e-m+fp/hard\libc_nano.a(libc_a-findfp.o)
 .text.stdio_exit_handler
                0x0800a8e8       0x18 C:/ST/STM32CubeIDE_1.16.0/STM32CubeIDE/plugins/com.st.stm32cube.ide.mcu.externaltools.gnu-tools-for-stm32.12.3.rel1.win32_1.0.200.202406191623/tools/bin/../lib/gcc/arm-none-eabi/12.3.1/../../../../arm-none-eabi/lib/thumb/v7e-m+fp/hard\libc_nano.a(libc_a-findfp.o)
 .text.cleanup_stdio
                0x0800a900       0x40 C:/ST/STM32CubeIDE_1.16.0/STM32CubeIDE/plugins/com.st.stm32cube.ide.mcu.externaltools.gnu-tools-for-stm32.12.3.rel1.win32_1.0.200.202406191623/tools/bin/../lib/gcc/arm-none-eabi/12.3.1/../../../../arm-none-eabi/lib/thumb/v7e-m+fp/hard\libc_nano.a(libc_a-findfp.o)
 .text.global_stdio_init.part.0
                0x0800a940       0x3c C:/ST/STM32CubeIDE_1.16.0/STM32CubeIDE/plugins/com.st.stm32cube.ide.mcu.externaltools.gnu-tools-for-stm32.12.3.rel1.win32_1.0.200.202406191623/tools/bin/../lib/gcc/arm-none-eabi/12.3.1/../../../../arm-none-eabi/lib/thumb/v7e-m+fp/hard\libc_nano.a(libc_a-findfp.o)
 .text.__sfp_lock_acquire
                0x0800a97c        0xc C:/ST/STM32CubeIDE_1.16.0/STM32CubeIDE/plugins/com.st.stm32cube.ide.mcu.externaltools.gnu-tools-for-stm32.12.3.rel1.win32_1.0.200.202406191623/tools/bin/../lib/gcc/arm-none-eabi/12.3.1/../../../../arm-none-eabi/lib/thumb/v7e-m+fp/hard\libc_nano.a(libc_a-findfp.o)
                0x0800a97c                __sfp_lock_acquire
 .text.__sfp_lock_release
                0x0800a988        0xc C:/ST/STM32CubeIDE_1.16.0/STM32CubeIDE/plugins/com.st.stm32cube.ide.mcu.externaltools.gnu-tools-for-stm32.12.3.rel1.win32_1.0.200.202406191623/tools/bin/../lib/gcc/arm-none-eabi/12.3.1/../../../../arm-none-eabi/lib/thumb/v7e-m+fp/hard\libc_nano.a(libc_a-findfp.o)
                0x0800a988                __sfp_lock_release
 .text.__sinit  0x0800a994       0x30 C:/ST/STM32CubeIDE_1.16.0/STM32CubeIDE/plugins/com.st.stm32cube.ide.mcu.externaltools.gnu-tools-for-stm32.12.3.rel1.win32_1.0.200.202406191623/tools/bin/../lib/gcc/arm-none-eabi/12.3.1/../../../../arm-none-eabi/lib/thumb/v7e-m+fp/hard\libc_nano.a(libc_a-findfp.o)
                0x0800a994                __sinit
 .text._fwalk_sglue
                0x0800a9c4       0x3c C:/ST/STM32CubeIDE_1.16.0/STM32CubeIDE/plugins/com.st.stm32cube.ide.mcu.externaltools.gnu-tools-for-stm32.12.3.rel1.win32_1.0.200.202406191623/tools/bin/../lib/gcc/arm-none-eabi/12.3.1/../../../../arm-none-eabi/lib/thumb/v7e-m+fp/hard\libc_nano.a(libc_a-fwalk.o)
                0x0800a9c4                _fwalk_sglue
 .text.printf   0x0800aa00       0x24 C:/ST/STM32CubeIDE_1.16.0/STM32CubeIDE/plugins/com.st.stm32cube.ide.mcu.externaltools.gnu-tools-for-stm32.12.3.rel1.win32_1.0.200.202406191623/tools/bin/../lib/gcc/arm-none-eabi/12.3.1/../../../../arm-none-eabi/lib/thumb/v7e-m+fp/hard\libc_nano.a(libc_a-printf.o)
                0x0800aa00                iprintf
                0x0800aa00                printf
 .text._puts_r  0x0800aa24       0xaa C:/ST/STM32CubeIDE_1.16.0/STM32CubeIDE/plugins/com.st.stm32cube.ide.mcu.externaltools.gnu-tools-for-stm32.12.3.rel1.win32_1.0.200.202406191623/tools/bin/../lib/gcc/arm-none-eabi/12.3.1/../../../../arm-none-eabi/lib/thumb/v7e-m+fp/hard\libc_nano.a(libc_a-puts.o)
                0x0800aa24                _puts_r
 *fill*         0x0800aace        0x2 
 .text.puts     0x0800aad0       0x10 C:/ST/STM32CubeIDE_1.16.0/STM32CubeIDE/plugins/com.st.stm32cube.ide.mcu.externaltools.gnu-tools-for-stm32.12.3.rel1.win32_1.0.200.202406191623/tools/bin/../lib/gcc/arm-none-eabi/12.3.1/../../../../arm-none-eabi/lib/thumb/v7e-m+fp/hard\libc_nano.a(libc_a-puts.o)
                0x0800aad0                puts
 .text.__sread  0x0800aae0       0x22 C:/ST/STM32CubeIDE_1.16.0/STM32CubeIDE/plugins/com.st.stm32cube.ide.mcu.externaltools.gnu-tools-for-stm32.12.3.rel1.win32_1.0.200.202406191623/tools/bin/../lib/gcc/arm-none-eabi/12.3.1/../../../../arm-none-eabi/lib/thumb/v7e-m+fp/hard\libc_nano.a(libc_a-stdio.o)
                0x0800aae0                __sread
 .text.__swrite
                0x0800ab02       0x38 C:/ST/STM32CubeIDE_1.16.0/STM32CubeIDE/plugins/com.st.stm32cube.ide.mcu.externaltools.gnu-tools-for-stm32.12.3.rel1.win32_1.0.200.202406191623/tools/bin/../lib/gcc/arm-none-eabi/12.3.1/../../../../arm-none-eabi/lib/thumb/v7e-m+fp/hard\libc_nano.a(libc_a-stdio.o)
                0x0800ab02                __swrite
 .text.__sseek  0x0800ab3a       0x24 C:/ST/STM32CubeIDE_1.16.0/STM32CubeIDE/plugins/com.st.stm32cube.ide.mcu.externaltools.gnu-tools-for-stm32.12.3.rel1.win32_1.0.200.202406191623/tools/bin/../lib/gcc/arm-none-eabi/12.3.1/../../../../arm-none-eabi/lib/thumb/v7e-m+fp/hard\libc_nano.a(libc_a-stdio.o)
                0x0800ab3a                __sseek
 .text.__sclose
                0x0800ab5e        0x8 C:/ST/STM32CubeIDE_1.16.0/STM32CubeIDE/plugins/com.st.stm32cube.ide.mcu.externaltools.gnu-tools-for-stm32.12.3.rel1.win32_1.0.200.202406191623/tools/bin/../lib/gcc/arm-none-eabi/12.3.1/../../../../arm-none-eabi/lib/thumb/v7e-m+fp/hard\libc_nano.a(libc_a-stdio.o)
                0x0800ab5e                __sclose
 .text.__swbuf_r
                0x0800ab66       0x7c C:/ST/STM32CubeIDE_1.16.0/STM32CubeIDE/plugins/com.st.stm32cube.ide.mcu.externaltools.gnu-tools-for-stm32.12.3.rel1.win32_1.0.200.202406191623/tools/bin/../lib/gcc/arm-none-eabi/12.3.1/../../../../arm-none-eabi/lib/thumb/v7e-m+fp/hard\libc_nano.a(libc_a-wbuf.o)
                0x0800ab66                __swbuf_r
 *fill*         0x0800abe2        0x2 
 .text.__swsetup_r
                0x0800abe4       0xac C:/ST/STM32CubeIDE_1.16.0/STM32CubeIDE/plugins/com.st.stm32cube.ide.mcu.externaltools.gnu-tools-for-stm32.12.3.rel1.win32_1.0.200.202406191623/tools/bin/../lib/gcc/arm-none-eabi/12.3.1/../../../../arm-none-eabi/lib/thumb/v7e-m+fp/hard\libc_nano.a(libc_a-wsetup.o)
                0x0800abe4                __swsetup_r
 .text.memset   0x0800ac90       0x10 C:/ST/STM32CubeIDE_1.16.0/STM32CubeIDE/plugins/com.st.stm32cube.ide.mcu.externaltools.gnu-tools-for-stm32.12.3.rel1.win32_1.0.200.202406191623/tools/bin/../lib/gcc/arm-none-eabi/12.3.1/../../../../arm-none-eabi/lib/thumb/v7e-m+fp/hard\libc_nano.a(libc_a-memset.o)
                0x0800ac90                memset
 .text._close_r
                0x0800aca0       0x20 C:/ST/STM32CubeIDE_1.16.0/STM32CubeIDE/plugins/com.st.stm32cube.ide.mcu.externaltools.gnu-tools-for-stm32.12.3.rel1.win32_1.0.200.202406191623/tools/bin/../lib/gcc/arm-none-eabi/12.3.1/../../../../arm-none-eabi/lib/thumb/v7e-m+fp/hard\libc_nano.a(libc_a-closer.o)
                0x0800aca0                _close_r
 .text._lseek_r
                0x0800acc0       0x24 C:/ST/STM32CubeIDE_1.16.0/STM32CubeIDE/plugins/com.st.stm32cube.ide.mcu.externaltools.gnu-tools-for-stm32.12.3.rel1.win32_1.0.200.202406191623/tools/bin/../lib/gcc/arm-none-eabi/12.3.1/../../../../arm-none-eabi/lib/thumb/v7e-m+fp/hard\libc_nano.a(libc_a-lseekr.o)
                0x0800acc0                _lseek_r
 .text._read_r  0x0800ace4       0x24 C:/ST/STM32CubeIDE_1.16.0/STM32CubeIDE/plugins/com.st.stm32cube.ide.mcu.externaltools.gnu-tools-for-stm32.12.3.rel1.win32_1.0.200.202406191623/tools/bin/../lib/gcc/arm-none-eabi/12.3.1/../../../../arm-none-eabi/lib/thumb/v7e-m+fp/hard\libc_nano.a(libc_a-readr.o)
                0x0800ace4                _read_r
 .text._write_r
                0x0800ad08       0x24 C:/ST/STM32CubeIDE_1.16.0/STM32CubeIDE/plugins/com.st.stm32cube.ide.mcu.externaltools.gnu-tools-for-stm32.12.3.rel1.win32_1.0.200.202406191623/tools/bin/../lib/gcc/arm-none-eabi/12.3.1/../../../../arm-none-eabi/lib/thumb/v7e-m+fp/hard\libc_nano.a(libc_a-writer.o)
                0x0800ad08                _write_r
 .text.__errno  0x0800ad2c        0xc C:/ST/STM32CubeIDE_1.16.0/STM32CubeIDE/plugins/com.st.stm32cube.ide.mcu.externaltools.gnu-tools-for-stm32.12.3.rel1.win32_1.0.200.202406191623/tools/bin/../lib/gcc/arm-none-eabi/12.3.1/../../../../arm-none-eabi/lib/thumb/v7e-m+fp/hard\libc_nano.a(libc_a-errno.o)
                0x0800ad2c                __errno
 .text.__libc_init_array
                0x0800ad38       0x48 C:/ST/STM32CubeIDE_1.16.0/STM32CubeIDE/plugins/com.st.stm32cube.ide.mcu.externaltools.gnu-tools-for-stm32.12.3.rel1.win32_1.0.200.202406191623/tools/bin/../lib/gcc/arm-none-eabi/12.3.1/../../../../arm-none-eabi/lib/thumb/v7e-m+fp/hard\libc_nano.a(libc_a-init.o)
                0x0800ad38                __libc_init_array
 .text.__retarget_lock_init_recursive
                0x0800ad80        0x2 C:/ST/STM32CubeIDE_1.16.0/STM32CubeIDE/plugins/com.st.stm32cube.ide.mcu.externaltools.gnu-tools-for-stm32.12.3.rel1.win32_1.0.200.202406191623/tools/bin/../lib/gcc/arm-none-eabi/12.3.1/../../../../arm-none-eabi/lib/thumb/v7e-m+fp/hard\libc_nano.a(libc_a-lock.o)
                0x0800ad80                __retarget_lock_init_recursive
 .text.__retarget_lock_acquire_recursive
                0x0800ad82        0x2 C:/ST/STM32CubeIDE_1.16.0/STM32CubeIDE/plugins/com.st.stm32cube.ide.mcu.externaltools.gnu-tools-for-stm32.12.3.rel1.win32_1.0.200.202406191623/tools/bin/../lib/gcc/arm-none-eabi/12.3.1/../../../../arm-none-eabi/lib/thumb/v7e-m+fp/hard\libc_nano.a(libc_a-lock.o)
                0x0800ad82                __retarget_lock_acquire_recursive
 .text.__retarget_lock_release_recursive
                0x0800ad84        0x2 C:/ST/STM32CubeIDE_1.16.0/STM32CubeIDE/plugins/com.st.stm32cube.ide.mcu.externaltools.gnu-tools-for-stm32.12.3.rel1.win32_1.0.200.202406191623/tools/bin/../lib/gcc/arm-none-eabi/12.3.1/../../../../arm-none-eabi/lib/thumb/v7e-m+fp/hard\libc_nano.a(libc_a-lock.o)
                0x0800ad84                __retarget_lock_release_recursive
 .text.memcpy   0x0800ad86       0x1c C:/ST/STM32CubeIDE_1.16.0/STM32CubeIDE/plugins/com.st.stm32cube.ide.mcu.externaltools.gnu-tools-for-stm32.12.3.rel1.win32_1.0.200.202406191623/tools/bin/../lib/gcc/arm-none-eabi/12.3.1/../../../../arm-none-eabi/lib/thumb/v7e-m+fp/hard\libc_nano.a(libc_a-memcpy-stub.o)
                0x0800ad86                memcpy
 *fill*         0x0800ada2        0x2 
 .text.__assert_func
                0x0800ada4       0x3c C:/ST/STM32CubeIDE_1.16.0/STM32CubeIDE/plugins/com.st.stm32cube.ide.mcu.externaltools.gnu-tools-for-stm32.12.3.rel1.win32_1.0.200.202406191623/tools/bin/../lib/gcc/arm-none-eabi/12.3.1/../../../../arm-none-eabi/lib/thumb/v7e-m+fp/hard\libc_nano.a(libc_a-assert.o)
                0x0800ada4                __assert_func
 .text._free_r  0x0800ade0       0x94 C:/ST/STM32CubeIDE_1.16.0/STM32CubeIDE/plugins/com.st.stm32cube.ide.mcu.externaltools.gnu-tools-for-stm32.12.3.rel1.win32_1.0.200.202406191623/tools/bin/../lib/gcc/arm-none-eabi/12.3.1/../../../../arm-none-eabi/lib/thumb/v7e-m+fp/hard\libc_nano.a(libc_a-freer.o)
                0x0800ade0                _free_r
 .text.malloc   0x0800ae74       0x10 C:/ST/STM32CubeIDE_1.16.0/STM32CubeIDE/plugins/com.st.stm32cube.ide.mcu.externaltools.gnu-tools-for-stm32.12.3.rel1.win32_1.0.200.202406191623/tools/bin/../lib/gcc/arm-none-eabi/12.3.1/../../../../arm-none-eabi/lib/thumb/v7e-m+fp/hard\libc_nano.a(libc_a-malloc.o)
                0x0800ae74                malloc
 .text.sbrk_aligned
                0x0800ae84       0x44 C:/ST/STM32CubeIDE_1.16.0/STM32CubeIDE/plugins/com.st.stm32cube.ide.mcu.externaltools.gnu-tools-for-stm32.12.3.rel1.win32_1.0.200.202406191623/tools/bin/../lib/gcc/arm-none-eabi/12.3.1/../../../../arm-none-eabi/lib/thumb/v7e-m+fp/hard\libc_nano.a(libc_a-mallocr.o)
 .text._malloc_r
                0x0800aec8      0x100 C:/ST/STM32CubeIDE_1.16.0/STM32CubeIDE/plugins/com.st.stm32cube.ide.mcu.externaltools.gnu-tools-for-stm32.12.3.rel1.win32_1.0.200.202406191623/tools/bin/../lib/gcc/arm-none-eabi/12.3.1/../../../../arm-none-eabi/lib/thumb/v7e-m+fp/hard\libc_nano.a(libc_a-mallocr.o)
                0x0800aec8                _malloc_r
 .text.__malloc_lock
                0x0800afc8        0xc C:/ST/STM32CubeIDE_1.16.0/STM32CubeIDE/plugins/com.st.stm32cube.ide.mcu.externaltools.gnu-tools-for-stm32.12.3.rel1.win32_1.0.200.202406191623/tools/bin/../lib/gcc/arm-none-eabi/12.3.1/../../../../arm-none-eabi/lib/thumb/v7e-m+fp/hard\libc_nano.a(libc_a-mlock.o)
                0x0800afc8                __malloc_lock
 .text.__malloc_unlock
                0x0800afd4        0xc C:/ST/STM32CubeIDE_1.16.0/STM32CubeIDE/plugins/com.st.stm32cube.ide.mcu.externaltools.gnu-tools-for-stm32.12.3.rel1.win32_1.0.200.202406191623/tools/bin/../lib/gcc/arm-none-eabi/12.3.1/../../../../arm-none-eabi/lib/thumb/v7e-m+fp/hard\libc_nano.a(libc_a-mlock.o)
                0x0800afd4                __malloc_unlock
 .text.__sfputc_r
                0x0800afe0       0x2e C:/ST/STM32CubeIDE_1.16.0/STM32CubeIDE/plugins/com.st.stm32cube.ide.mcu.externaltools.gnu-tools-for-stm32.12.3.rel1.win32_1.0.200.202406191623/tools/bin/../lib/gcc/arm-none-eabi/12.3.1/../../../../arm-none-eabi/lib/thumb/v7e-m+fp/hard\libc_nano.a(libc_a-nano-vfprintf.o)
 .text.__sfputs_r
                0x0800b00e       0x24 C:/ST/STM32CubeIDE_1.16.0/STM32CubeIDE/plugins/com.st.stm32cube.ide.mcu.externaltools.gnu-tools-for-stm32.12.3.rel1.win32_1.0.200.202406191623/tools/bin/../lib/gcc/arm-none-eabi/12.3.1/../../../../arm-none-eabi/lib/thumb/v7e-m+fp/hard\libc_nano.a(libc_a-nano-vfprintf.o)
                0x0800b00e                __sfputs_r
 *fill*         0x0800b032        0x2 
 .text._vfprintf_r
                0x0800b034      0x230 C:/ST/STM32CubeIDE_1.16.0/STM32CubeIDE/plugins/com.st.stm32cube.ide.mcu.externaltools.gnu-tools-for-stm32.12.3.rel1.win32_1.0.200.202406191623/tools/bin/../lib/gcc/arm-none-eabi/12.3.1/../../../../arm-none-eabi/lib/thumb/v7e-m+fp/hard\libc_nano.a(libc_a-nano-vfprintf.o)
                0x0800b034                _vfprintf_r
                0x0800b034                _vfiprintf_r
 .text._printf_common
                0x0800b264       0xda C:/ST/STM32CubeIDE_1.16.0/STM32CubeIDE/plugins/com.st.stm32cube.ide.mcu.externaltools.gnu-tools-for-stm32.12.3.rel1.win32_1.0.200.202406191623/tools/bin/../lib/gcc/arm-none-eabi/12.3.1/../../../../arm-none-eabi/lib/thumb/v7e-m+fp/hard\libc_nano.a(libc_a-nano-vfprintf_i.o)
                0x0800b264                _printf_common
 *fill*         0x0800b33e        0x2 
 .text._printf_i
                0x0800b340      0x240 C:/ST/STM32CubeIDE_1.16.0/STM32CubeIDE/plugins/com.st.stm32cube.ide.mcu.externaltools.gnu-tools-for-stm32.12.3.rel1.win32_1.0.200.202406191623/tools/bin/../lib/gcc/arm-none-eabi/12.3.1/../../../../arm-none-eabi/lib/thumb/v7e-m+fp/hard\libc_nano.a(libc_a-nano-vfprintf_i.o)
                0x0800b340                _printf_i
 .text.__sflush_r
                0x0800b580      0x108 C:/ST/STM32CubeIDE_1.16.0/STM32CubeIDE/plugins/com.st.stm32cube.ide.mcu.externaltools.gnu-tools-for-stm32.12.3.rel1.win32_1.0.200.202406191623/tools/bin/../lib/gcc/arm-none-eabi/12.3.1/../../../../arm-none-eabi/lib/thumb/v7e-m+fp/hard\libc_nano.a(libc_a-fflush.o)
                0x0800b580                __sflush_r
 .text._fflush_r
                0x0800b688       0x50 C:/ST/STM32CubeIDE_1.16.0/STM32CubeIDE/plugins/com.st.stm32cube.ide.mcu.externaltools.gnu-tools-for-stm32.12.3.rel1.win32_1.0.200.202406191623/tools/bin/../lib/gcc/arm-none-eabi/12.3.1/../../../../arm-none-eabi/lib/thumb/v7e-m+fp/hard\libc_nano.a(libc_a-fflush.o)
                0x0800b688                _fflush_r
 .text.fprintf  0x0800b6d8       0x24 C:/ST/STM32CubeIDE_1.16.0/STM32CubeIDE/plugins/com.st.stm32cube.ide.mcu.externaltools.gnu-tools-for-stm32.12.3.rel1.win32_1.0.200.202406191623/tools/bin/../lib/gcc/arm-none-eabi/12.3.1/../../../../arm-none-eabi/lib/thumb/v7e-m+fp/hard\libc_nano.a(libc_a-fprintf.o)
                0x0800b6d8                fiprintf
                0x0800b6d8                fprintf
 .text.__swhatbuf_r
                0x0800b6fc       0x4c C:/ST/STM32CubeIDE_1.16.0/STM32CubeIDE/plugins/com.st.stm32cube.ide.mcu.externaltools.gnu-tools-for-stm32.12.3.rel1.win32_1.0.200.202406191623/tools/bin/../lib/gcc/arm-none-eabi/12.3.1/../../../../arm-none-eabi/lib/thumb/v7e-m+fp/hard\libc_nano.a(libc_a-makebuf.o)
                0x0800b6fc                __swhatbuf_r
 .text.__smakebuf_r
                0x0800b748       0x78 C:/ST/STM32CubeIDE_1.16.0/STM32CubeIDE/plugins/com.st.stm32cube.ide.mcu.externaltools.gnu-tools-for-stm32.12.3.rel1.win32_1.0.200.202406191623/tools/bin/../lib/gcc/arm-none-eabi/12.3.1/../../../../arm-none-eabi/lib/thumb/v7e-m+fp/hard\libc_nano.a(libc_a-makebuf.o)
                0x0800b748                __smakebuf_r
 .text._fstat_r
                0x0800b7c0       0x24 C:/ST/STM32CubeIDE_1.16.0/STM32CubeIDE/plugins/com.st.stm32cube.ide.mcu.externaltools.gnu-tools-for-stm32.12.3.rel1.win32_1.0.200.202406191623/tools/bin/../lib/gcc/arm-none-eabi/12.3.1/../../../../arm-none-eabi/lib/thumb/v7e-m+fp/hard\libc_nano.a(libc_a-fstatr.o)
                0x0800b7c0                _fstat_r
 .text._isatty_r
                0x0800b7e4       0x20 C:/ST/STM32CubeIDE_1.16.0/STM32CubeIDE/plugins/com.st.stm32cube.ide.mcu.externaltools.gnu-tools-for-stm32.12.3.rel1.win32_1.0.200.202406191623/tools/bin/../lib/gcc/arm-none-eabi/12.3.1/../../../../arm-none-eabi/lib/thumb/v7e-m+fp/hard\libc_nano.a(libc_a-isattyr.o)
                0x0800b7e4                _isatty_r
 .text._sbrk_r  0x0800b804       0x20 C:/ST/STM32CubeIDE_1.16.0/STM32CubeIDE/plugins/com.st.stm32cube.ide.mcu.externaltools.gnu-tools-for-stm32.12.3.rel1.win32_1.0.200.202406191623/tools/bin/../lib/gcc/arm-none-eabi/12.3.1/../../../../arm-none-eabi/lib/thumb/v7e-m+fp/hard\libc_nano.a(libc_a-sbrkr.o)
                0x0800b804                _sbrk_r
 .text.abort    0x0800b824        0xe C:/ST/STM32CubeIDE_1.16.0/STM32CubeIDE/plugins/com.st.stm32cube.ide.mcu.externaltools.gnu-tools-for-stm32.12.3.rel1.win32_1.0.200.202406191623/tools/bin/../lib/gcc/arm-none-eabi/12.3.1/../../../../arm-none-eabi/lib/thumb/v7e-m+fp/hard\libc_nano.a(libc_a-abort.o)
                0x0800b824                abort
 .text._raise_r
                0x0800b832       0x50 C:/ST/STM32CubeIDE_1.16.0/STM32CubeIDE/plugins/com.st.stm32cube.ide.mcu.externaltools.gnu-tools-for-stm32.12.3.rel1.win32_1.0.200.202406191623/tools/bin/../lib/gcc/arm-none-eabi/12.3.1/../../../../arm-none-eabi/lib/thumb/v7e-m+fp/hard\libc_nano.a(libc_a-signal.o)
                0x0800b832                _raise_r
 *fill*         0x0800b882        0x2 
 .text.raise    0x0800b884       0x10 C:/ST/STM32CubeIDE_1.16.0/STM32CubeIDE/plugins/com.st.stm32cube.ide.mcu.externaltools.gnu-tools-for-stm32.12.3.rel1.win32_1.0.200.202406191623/tools/bin/../lib/gcc/arm-none-eabi/12.3.1/../../../../arm-none-eabi/lib/thumb/v7e-m+fp/hard\libc_nano.a(libc_a-signal.o)
                0x0800b884                raise
 .text._kill_r  0x0800b894       0x24 C:/ST/STM32CubeIDE_1.16.0/STM32CubeIDE/plugins/com.st.stm32cube.ide.mcu.externaltools.gnu-tools-for-stm32.12.3.rel1.win32_1.0.200.202406191623/tools/bin/../lib/gcc/arm-none-eabi/12.3.1/../../../../arm-none-eabi/lib/thumb/v7e-m+fp/hard\libc_nano.a(libc_a-signalr.o)
                0x0800b894                _kill_r
 .text._getpid_r
                0x0800b8b8        0x4 C:/ST/STM32CubeIDE_1.16.0/STM32CubeIDE/plugins/com.st.stm32cube.ide.mcu.externaltools.gnu-tools-for-stm32.12.3.rel1.win32_1.0.200.202406191623/tools/bin/../lib/gcc/arm-none-eabi/12.3.1/../../../../arm-none-eabi/lib/thumb/v7e-m+fp/hard\libc_nano.a(libc_a-signalr.o)
                0x0800b8b8                _getpid_r
 *(.glue_7)
 .glue_7        0x0800b8bc        0x0 linker stubs
 *(.glue_7t)
 .glue_7t       0x0800b8bc        0x0 linker stubs
 *(.eh_frame)
 .eh_frame      0x0800b8bc        0x0 C:/ST/STM32CubeIDE_1.16.0/STM32CubeIDE/plugins/com.st.stm32cube.ide.mcu.externaltools.gnu-tools-for-stm32.12.3.rel1.win32_1.0.200.202406191623/tools/bin/../lib/gcc/arm-none-eabi/12.3.1/thumb/v7e-m+fp/hard/crtbegin.o
 *(.init)
 .init          0x0800b8bc        0x4 C:/ST/STM32CubeIDE_1.16.0/STM32CubeIDE/plugins/com.st.stm32cube.ide.mcu.externaltools.gnu-tools-for-stm32.12.3.rel1.win32_1.0.200.202406191623/tools/bin/../lib/gcc/arm-none-eabi/12.3.1/thumb/v7e-m+fp/hard/crti.o
                0x0800b8bc                _init
 .init          0x0800b8c0        0x8 C:/ST/STM32CubeIDE_1.16.0/STM32CubeIDE/plugins/com.st.stm32cube.ide.mcu.externaltools.gnu-tools-for-stm32.12.3.rel1.win32_1.0.200.202406191623/tools/bin/../lib/gcc/arm-none-eabi/12.3.1/thumb/v7e-m+fp/hard/crtn.o
 *(.fini)
 .fini          0x0800b8c8        0x4 C:/ST/STM32CubeIDE_1.16.0/STM32CubeIDE/plugins/com.st.stm32cube.ide.mcu.externaltools.gnu-tools-for-stm32.12.3.rel1.win32_1.0.200.202406191623/tools/bin/../lib/gcc/arm-none-eabi/12.3.1/thumb/v7e-m+fp/hard/crti.o
                0x0800b8c8                _fini
 .fini          0x0800b8cc        0x8 C:/ST/STM32CubeIDE_1.16.0/STM32CubeIDE/plugins/com.st.stm32cube.ide.mcu.externaltools.gnu-tools-for-stm32.12.3.rel1.win32_1.0.200.202406191623/tools/bin/../lib/gcc/arm-none-eabi/12.3.1/thumb/v7e-m+fp/hard/crtn.o
                0x0800b8d4                        . = ALIGN (0x4)
                0x0800b8d4                        _etext = .

.vfp11_veneer   0x0800b8d4        0x0
 .vfp11_veneer  0x0800b8d4        0x0 linker stubs

.v4_bx          0x0800b8d4        0x0
 .v4_bx         0x0800b8d4        0x0 linker stubs

.iplt           0x0800b8d4        0x0
 .iplt          0x0800b8d4        0x0 C:/ST/STM32CubeIDE_1.16.0/STM32CubeIDE/plugins/com.st.stm32cube.ide.mcu.externaltools.gnu-tools-for-stm32.12.3.rel1.win32_1.0.200.202406191623/tools/bin/../lib/gcc/arm-none-eabi/12.3.1/thumb/v7e-m+fp/hard/crtbegin.o

.rodata         0x0800b8d4      0x4a8
                0x0800b8d4                        . = ALIGN (0x4)
 *(.rodata)
 .rodata        0x0800b8d4      0x158 ./BlueNRG_MS/App/app_bluenrg_ms.o
 .rodata        0x0800ba2c       0xf8 ./BlueNRG_MS/App/gatt_db.o
 .rodata        0x0800bb24       0xb2 ./BlueNRG_MS/App/sensor.o
 *fill*         0x0800bbd6        0x2 
 .rodata        0x0800bbd8        0xd ./BlueNRG_MS/Target/hci_tl_interface.o
 *fill*         0x0800bbe5        0x3 
 .rodata        0x0800bbe8       0x50 ./Core/Src/main.o
 .rodata        0x0800bc38        0x5 ./Middlewares/Third_Party/FreeRTOS/Source/tasks.o
 *(.rodata*)
 *fill*         0x0800bc3d        0x3 
 .rodata.AHBPrescTable
                0x0800bc40       0x10 ./Core/Src/system_stm32l4xx.o
                0x0800bc40                AHBPrescTable
 .rodata.APBPrescTable
                0x0800bc50        0x8 ./Core/Src/system_stm32l4xx.o
                0x0800bc50                APBPrescTable
 .rodata.MSIRangeTable
                0x0800bc58       0x30 ./Core/Src/system_stm32l4xx.o
                0x0800bc58                MSIRangeTable
 .rodata.LedGpioInit.4
                0x0800bc88        0x4 ./Drivers/BSP/B-L475E-IOT01A2/b_l475e_iot01a2.o
 .rodata.ButtonGpioInit.3
                0x0800bc8c        0x4 ./Drivers/BSP/B-L475E-IOT01A2/b_l475e_iot01a2.o
 .rodata.BUTTON_EXTI_LINE.2
                0x0800bc90        0x4 ./Drivers/BSP/B-L475E-IOT01A2/b_l475e_iot01a2.o
 .rodata.ButtonCallback.1
                0x0800bc94        0x4 ./Drivers/BSP/B-L475E-IOT01A2/b_l475e_iot01a2.o
 .rodata.BSP_BUTTON_PRIO.0
                0x0800bc98        0x4 ./Drivers/BSP/B-L475E-IOT01A2/b_l475e_iot01a2.o
 .rodata.srand.str1.1
                0x0800bc9c       0x6f C:/ST/STM32CubeIDE_1.16.0/STM32CubeIDE/plugins/com.st.stm32cube.ide.mcu.externaltools.gnu-tools-for-stm32.12.3.rel1.win32_1.0.200.202406191623/tools/bin/../lib/gcc/arm-none-eabi/12.3.1/../../../../arm-none-eabi/lib/thumb/v7e-m+fp/hard\libc_nano.a(libc_a-rand.o)
 .rodata.__assert_func.str1.1
                0x0800bd0b       0x3c C:/ST/STM32CubeIDE_1.16.0/STM32CubeIDE/plugins/com.st.stm32cube.ide.mcu.externaltools.gnu-tools-for-stm32.12.3.rel1.win32_1.0.200.202406191623/tools/bin/../lib/gcc/arm-none-eabi/12.3.1/../../../../arm-none-eabi/lib/thumb/v7e-m+fp/hard\libc_nano.a(libc_a-assert.o)
                                 0x3d (size before relaxing)
 .rodata._vfprintf_r.str1.1
                0x0800bd47       0x11 C:/ST/STM32CubeIDE_1.16.0/STM32CubeIDE/plugins/com.st.stm32cube.ide.mcu.externaltools.gnu-tools-for-stm32.12.3.rel1.win32_1.0.200.202406191623/tools/bin/../lib/gcc/arm-none-eabi/12.3.1/../../../../arm-none-eabi/lib/thumb/v7e-m+fp/hard\libc_nano.a(libc_a-nano-vfprintf.o)
 .rodata._printf_i.str1.1
                0x0800bd58       0x22 C:/ST/STM32CubeIDE_1.16.0/STM32CubeIDE/plugins/com.st.stm32cube.ide.mcu.externaltools.gnu-tools-for-stm32.12.3.rel1.win32_1.0.200.202406191623/tools/bin/../lib/gcc/arm-none-eabi/12.3.1/../../../../arm-none-eabi/lib/thumb/v7e-m+fp/hard\libc_nano.a(libc_a-nano-vfprintf_i.o)
                0x0800bd7c                        . = ALIGN (0x4)
 *fill*         0x0800bd7a        0x2 

.ARM.extab      0x0800bd7c        0x0
                0x0800bd7c                        . = ALIGN (0x4)
 *(.ARM.extab* .gnu.linkonce.armextab.*)
                0x0800bd7c                        . = ALIGN (0x4)

.ARM            0x0800bd7c        0x8
                0x0800bd7c                        . = ALIGN (0x4)
                0x0800bd7c                        __exidx_start = .
 *(.ARM.exidx*)
 .ARM.exidx     0x0800bd7c        0x8 C:/ST/STM32CubeIDE_1.16.0/STM32CubeIDE/plugins/com.st.stm32cube.ide.mcu.externaltools.gnu-tools-for-stm32.12.3.rel1.win32_1.0.200.202406191623/tools/bin/../lib/gcc/arm-none-eabi/12.3.1/../../../../arm-none-eabi/lib/thumb/v7e-m+fp/hard\libc_nano.a(libc_a-strlen.o)
 .ARM.exidx     0x0800bd84        0x0 C:/ST/STM32CubeIDE_1.16.0/STM32CubeIDE/plugins/com.st.stm32cube.ide.mcu.externaltools.gnu-tools-for-stm32.12.3.rel1.win32_1.0.200.202406191623/tools/bin/../lib/gcc/arm-none-eabi/12.3.1/../../../../arm-none-eabi/lib/thumb/v7e-m+fp/hard\libc_nano.a(libc_a-memchr.o)
                                  0x8 (size before relaxing)
 .ARM.exidx     0x0800bd84        0x0 C:/ST/STM32CubeIDE_1.16.0/STM32CubeIDE/plugins/com.st.stm32cube.ide.mcu.externaltools.gnu-tools-for-stm32.12.3.rel1.win32_1.0.200.202406191623/tools/bin/../lib/gcc/arm-none-eabi/12.3.1/thumb/v7e-m+fp/hard\libgcc.a(_udivmoddi4.o)
                                  0x8 (size before relaxing)
                0x0800bd84                        __exidx_end = .
                0x0800bd84                        . = ALIGN (0x4)

.preinit_array  0x0800bd84        0x0
                0x0800bd84                        . = ALIGN (0x4)
                0x0800bd84                        PROVIDE (__preinit_array_start = .)
 *(.preinit_array*)
                0x0800bd84                        PROVIDE (__preinit_array_end = .)
                0x0800bd84                        . = ALIGN (0x4)

.init_array     0x0800bd84        0x4
                0x0800bd84                        . = ALIGN (0x4)
                0x0800bd84                        PROVIDE (__init_array_start = .)
 *(SORT_BY_NAME(.init_array.*))
 *(.init_array*)
 .init_array    0x0800bd84        0x4 C:/ST/STM32CubeIDE_1.16.0/STM32CubeIDE/plugins/com.st.stm32cube.ide.mcu.externaltools.gnu-tools-for-stm32.12.3.rel1.win32_1.0.200.202406191623/tools/bin/../lib/gcc/arm-none-eabi/12.3.1/thumb/v7e-m+fp/hard/crtbegin.o
                0x0800bd88                        PROVIDE (__init_array_end = .)
                0x0800bd88                        . = ALIGN (0x4)

.fini_array     0x0800bd88        0x4
                0x0800bd88                        . = ALIGN (0x4)
                [!provide]                        PROVIDE (__fini_array_start = .)
 *(SORT_BY_NAME(.fini_array.*))
 *(.fini_array*)
 .fini_array    0x0800bd88        0x4 C:/ST/STM32CubeIDE_1.16.0/STM32CubeIDE/plugins/com.st.stm32cube.ide.mcu.externaltools.gnu-tools-for-stm32.12.3.rel1.win32_1.0.200.202406191623/tools/bin/../lib/gcc/arm-none-eabi/12.3.1/thumb/v7e-m+fp/hard/crtbegin.o
                [!provide]                        PROVIDE (__fini_array_end = .)
                0x0800bd8c                        . = ALIGN (0x4)
                0x0800bd8c                        _sidata = LOADADDR (.data)

.rel.dyn        0x0800bd8c        0x0
 .rel.iplt      0x0800bd8c        0x0 C:/ST/STM32CubeIDE_1.16.0/STM32CubeIDE/plugins/com.st.stm32cube.ide.mcu.externaltools.gnu-tools-for-stm32.12.3.rel1.win32_1.0.200.202406191623/tools/bin/../lib/gcc/arm-none-eabi/12.3.1/thumb/v7e-m+fp/hard/crtbegin.o

.data           0x20000000       0x84 load address 0x0800bd8c
                0x20000000                        . = ALIGN (0x4)
                0x20000000                        _sdata = .
 *(.data)
 *(.data*)
 .data.user_button_init_state
                0x20000000        0x1 ./BlueNRG_MS/App/app_bluenrg_ms.o
 .data.set_connectable
                0x20000001        0x1 ./BlueNRG_MS/App/sensor.o
                0x20000001                set_connectable
 *fill*         0x20000002        0x2 
 .data.SystemCoreClock
                0x20000004        0x4 ./Core/Src/system_stm32l4xx.o
                0x20000004                SystemCoreClock
 .data.LED_PORT
                0x20000008        0x4 ./Drivers/BSP/B-L475E-IOT01A2/b_l475e_iot01a2.o
 .data.BUTTON_PORT
                0x2000000c        0x4 ./Drivers/BSP/B-L475E-IOT01A2/b_l475e_iot01a2.o
 .data.hpb_exti
                0x20000010        0x8 ./Drivers/BSP/B-L475E-IOT01A2/b_l475e_iot01a2.o
                0x20000010                hpb_exti
 .data.COM_USART
                0x20000018        0x4 ./Drivers/BSP/B-L475E-IOT01A2/b_l475e_iot01a2.o
                0x20000018                COM_USART
 .data.uwTickPrio
                0x2000001c        0x4 ./Drivers/STM32L4xx_HAL_Driver/Src/stm32l4xx_hal.o
                0x2000001c                uwTickPrio
 .data.uwTickFreq
                0x20000020        0x1 ./Drivers/STM32L4xx_HAL_Driver/Src/stm32l4xx_hal.o
                0x20000020                uwTickFreq
 *fill*         0x20000021        0x3 
 .data.uxCriticalNesting
                0x20000024        0x4 ./Middlewares/Third_Party/FreeRTOS/Source/portable/GCC/ARM_CM4F/port.o
 .data.__sglue  0x20000028        0xc C:/ST/STM32CubeIDE_1.16.0/STM32CubeIDE/plugins/com.st.stm32cube.ide.mcu.externaltools.gnu-tools-for-stm32.12.3.rel1.win32_1.0.200.202406191623/tools/bin/../lib/gcc/arm-none-eabi/12.3.1/../../../../arm-none-eabi/lib/thumb/v7e-m+fp/hard\libc_nano.a(libc_a-findfp.o)
                0x20000028                __sglue
 .data._impure_ptr
                0x20000034        0x4 C:/ST/STM32CubeIDE_1.16.0/STM32CubeIDE/plugins/com.st.stm32cube.ide.mcu.externaltools.gnu-tools-for-stm32.12.3.rel1.win32_1.0.200.202406191623/tools/bin/../lib/gcc/arm-none-eabi/12.3.1/../../../../arm-none-eabi/lib/thumb/v7e-m+fp/hard\libc_nano.a(libc_a-impure.o)
                0x20000034                _impure_ptr
 .data._impure_data
                0x20000038       0x4c C:/ST/STM32CubeIDE_1.16.0/STM32CubeIDE/plugins/com.st.stm32cube.ide.mcu.externaltools.gnu-tools-for-stm32.12.3.rel1.win32_1.0.200.202406191623/tools/bin/../lib/gcc/arm-none-eabi/12.3.1/../../../../arm-none-eabi/lib/thumb/v7e-m+fp/hard\libc_nano.a(libc_a-impure.o)
                0x20000038                _impure_data
 *(.RamFunc)
 *(.RamFunc*)
                0x20000084                        . = ALIGN (0x4)
                0x20000084                        _edata = .

.igot.plt       0x20000084        0x0 load address 0x0800be10
 .igot.plt      0x20000084        0x0 C:/ST/STM32CubeIDE_1.16.0/STM32CubeIDE/plugins/com.st.stm32cube.ide.mcu.externaltools.gnu-tools-for-stm32.12.3.rel1.win32_1.0.200.202406191623/tools/bin/../lib/gcc/arm-none-eabi/12.3.1/thumb/v7e-m+fp/hard/crtbegin.o
                0x20000084                        . = ALIGN (0x4)

.bss            0x20000084     0x233c load address 0x0800be10
                0x20000084                        _sbss = .
                0x20000084                        __bss_start__ = _sbss
 *(.bss)
 .bss           0x20000084       0x1c C:/ST/STM32CubeIDE_1.16.0/STM32CubeIDE/plugins/com.st.stm32cube.ide.mcu.externaltools.gnu-tools-for-stm32.12.3.rel1.win32_1.0.200.202406191623/tools/bin/../lib/gcc/arm-none-eabi/12.3.1/thumb/v7e-m+fp/hard/crtbegin.o
 *(.bss*)
 .bss.bnrg_expansion_board
                0x200000a0        0x1 ./BlueNRG_MS/App/app_bluenrg_ms.o
                0x200000a0                bnrg_expansion_board
 *fill*         0x200000a1        0x3 
 .bss.bdaddr    0x200000a4        0x6 ./BlueNRG_MS/App/app_bluenrg_ms.o
                0x200000a4                bdaddr
 .bss.user_button_pressed
                0x200000aa        0x1 ./BlueNRG_MS/App/app_bluenrg_ms.o
 *fill*         0x200000ab        0x1 
 .bss.counter.0
                0x200000ac        0x4 ./BlueNRG_MS/App/app_bluenrg_ms.o
 .bss.HWServW2STHandle
                0x200000b0        0x2 ./BlueNRG_MS/App/gatt_db.o
                0x200000b0                HWServW2STHandle
 .bss.EnvironmentalCharHandle
                0x200000b2        0x2 ./BlueNRG_MS/App/gatt_db.o
                0x200000b2                EnvironmentalCharHandle
 .bss.AccGyroMagCharHandle
                0x200000b4        0x2 ./BlueNRG_MS/App/gatt_db.o
                0x200000b4                AccGyroMagCharHandle
 *fill*         0x200000b6        0x2 
 .bss.service_uuid
                0x200000b8       0x10 ./BlueNRG_MS/App/gatt_db.o
                0x200000b8                service_uuid
 .bss.char_uuid
                0x200000c8       0x10 ./BlueNRG_MS/App/gatt_db.o
                0x200000c8                char_uuid
 .bss.connection_handle
                0x200000d8        0x2 ./BlueNRG_MS/App/sensor.o
                0x200000d8                connection_handle
 .bss.notification_enabled
                0x200000da        0x1 ./BlueNRG_MS/App/sensor.o
                0x200000da                notification_enabled
 *fill*         0x200000db        0x1 
 .bss.connected
                0x200000dc        0x4 ./BlueNRG_MS/App/sensor.o
                0x200000dc                connected
 .bss.x_axes    0x200000e0        0xc ./BlueNRG_MS/App/sensor.o
                0x200000e0                x_axes
 .bss.g_axes    0x200000ec        0xc ./BlueNRG_MS/App/sensor.o
                0x200000ec                g_axes
 .bss.m_axes    0x200000f8        0xc ./BlueNRG_MS/App/sensor.o
                0x200000f8                m_axes
 .bss.q_axes    0x20000104        0xc ./BlueNRG_MS/App/sensor.o
                0x20000104                q_axes
 .bss.hexti6    0x20000110        0x8 ./BlueNRG_MS/Target/hci_tl_interface.o
                0x20000110                hexti6
 .bss.read_char_buf.0
                0x20000118       0xff ./BlueNRG_MS/Target/hci_tl_interface.o
 *fill*         0x20000217        0x1 
 .bss.xIdleTaskTCBBuffer
                0x20000218       0x54 ./Core/Src/freertos.o
 .bss.xIdleStack
                0x2000026c      0x200 ./Core/Src/freertos.o
 .bss.hdfsdm1_channel1
                0x2000046c       0x38 ./Core/Src/main.o
                0x2000046c                hdfsdm1_channel1
 .bss.hi2c2     0x200004a4       0x54 ./Core/Src/main.o
                0x200004a4                hi2c2
 .bss.hqspi     0x200004f8       0x44 ./Core/Src/main.o
                0x200004f8                hqspi
 .bss.huart3    0x2000053c       0x88 ./Core/Src/main.o
                0x2000053c                huart3
 .bss.hpcd_USB_OTG_FS
                0x200005c4      0x4e4 ./Core/Src/main.o
                0x200005c4                hpcd_USB_OTG_FS
 .bss.defaultTaskHandle
                0x20000aa8        0x4 ./Core/Src/main.o
                0x20000aa8                defaultTaskHandle
 .bss.defaultTaskBuffer
                0x20000aac      0x400 ./Core/Src/main.o
                0x20000aac                defaultTaskBuffer
 .bss.defaultTaskControlBlock
                0x20000eac       0x54 ./Core/Src/main.o
                0x20000eac                defaultTaskControlBlock
 .bss.TASK_ACCHandle
                0x20000f00        0x4 ./Core/Src/main.o
                0x20000f00                TASK_ACCHandle
 .bss.TASK_ACCBuffer
                0x20000f04      0x200 ./Core/Src/main.o
                0x20000f04                TASK_ACCBuffer
 .bss.TASK_ACCControlBlock
                0x20001104       0x54 ./Core/Src/main.o
                0x20001104                TASK_ACCControlBlock
 .bss.DFSDM1_Init
                0x20001158        0x4 ./Core/Src/stm32l4xx_hal_msp.o
 .bss.__sbrk_heap_end
                0x2000115c        0x4 ./Core/Src/sysmem.o
 .bss.hcom_uart
                0x20001160       0x88 ./Drivers/BSP/B-L475E-IOT01A2/b_l475e_iot01a2.o
                0x20001160                hcom_uart
 .bss.COM_ActiveLogPort
                0x200011e8        0x1 ./Drivers/BSP/B-L475E-IOT01A2/b_l475e_iot01a2.o
 *fill*         0x200011e9        0x3 
 .bss.hspi3     0x200011ec       0x64 ./Drivers/BSP/B-L475E-IOT01A2/b_l475e_iot01a2_bus.o
                0x200011ec                hspi3
 .bss.SPI3InitCounter
                0x20001250        0x4 ./Drivers/BSP/B-L475E-IOT01A2/b_l475e_iot01a2_bus.o
 .bss.uwTick    0x20001254        0x4 ./Drivers/STM32L4xx_HAL_Driver/Src/stm32l4xx_hal.o
                0x20001254                uwTick
 .bss.v_dfsdm1ChannelCounter
                0x20001258        0x4 ./Drivers/STM32L4xx_HAL_Driver/Src/stm32l4xx_hal_dfsdm.o
 .bss.a_dfsdm1ChannelHandle
                0x2000125c       0x20 ./Drivers/STM32L4xx_HAL_Driver/Src/stm32l4xx_hal_dfsdm.o
 .bss.hciReadPktPool
                0x2000127c        0x8 ./Middlewares/ST/BlueNRG-MS/hci/hci_tl_patterns/Basic/hci_tl.o
                0x2000127c                hciReadPktPool
 .bss.hciReadPktRxQueue
                0x20001284        0x8 ./Middlewares/ST/BlueNRG-MS/hci/hci_tl_patterns/Basic/hci_tl.o
                0x20001284                hciReadPktRxQueue
 .bss.hciReadPacketBuffer
                0x2000128c      0x2bc ./Middlewares/ST/BlueNRG-MS/hci/hci_tl_patterns/Basic/hci_tl.o
 .bss.hciContext
                0x20001548       0x20 ./Middlewares/ST/BlueNRG-MS/hci/hci_tl_patterns/Basic/hci_tl.o
 .bss.pxCurrentTCB
                0x20001568        0x4 ./Middlewares/Third_Party/FreeRTOS/Source/tasks.o
                0x20001568                pxCurrentTCB
 .bss.pxReadyTasksLists
                0x2000156c       0x8c ./Middlewares/Third_Party/FreeRTOS/Source/tasks.o
 .bss.xDelayedTaskList1
                0x200015f8       0x14 ./Middlewares/Third_Party/FreeRTOS/Source/tasks.o
 .bss.xDelayedTaskList2
                0x2000160c       0x14 ./Middlewares/Third_Party/FreeRTOS/Source/tasks.o
 .bss.pxDelayedTaskList
                0x20001620        0x4 ./Middlewares/Third_Party/FreeRTOS/Source/tasks.o
 .bss.pxOverflowDelayedTaskList
                0x20001624        0x4 ./Middlewares/Third_Party/FreeRTOS/Source/tasks.o
 .bss.xPendingReadyList
                0x20001628       0x14 ./Middlewares/Third_Party/FreeRTOS/Source/tasks.o
 .bss.xTasksWaitingTermination
                0x2000163c       0x14 ./Middlewares/Third_Party/FreeRTOS/Source/tasks.o
 .bss.uxDeletedTasksWaitingCleanUp
                0x20001650        0x4 ./Middlewares/Third_Party/FreeRTOS/Source/tasks.o
 .bss.xSuspendedTaskList
                0x20001654       0x14 ./Middlewares/Third_Party/FreeRTOS/Source/tasks.o
 .bss.uxCurrentNumberOfTasks
                0x20001668        0x4 ./Middlewares/Third_Party/FreeRTOS/Source/tasks.o
 .bss.xTickCount
                0x2000166c        0x4 ./Middlewares/Third_Party/FreeRTOS/Source/tasks.o
 .bss.uxTopReadyPriority
                0x20001670        0x4 ./Middlewares/Third_Party/FreeRTOS/Source/tasks.o
 .bss.xSchedulerRunning
                0x20001674        0x4 ./Middlewares/Third_Party/FreeRTOS/Source/tasks.o
 .bss.xPendedTicks
                0x20001678        0x4 ./Middlewares/Third_Party/FreeRTOS/Source/tasks.o
 .bss.xYieldPending
                0x2000167c        0x4 ./Middlewares/Third_Party/FreeRTOS/Source/tasks.o
 .bss.xNumOfOverflows
                0x20001680        0x4 ./Middlewares/Third_Party/FreeRTOS/Source/tasks.o
 .bss.uxTaskNumber
                0x20001684        0x4 ./Middlewares/Third_Party/FreeRTOS/Source/tasks.o
 .bss.xNextTaskUnblockTime
                0x20001688        0x4 ./Middlewares/Third_Party/FreeRTOS/Source/tasks.o
 .bss.xIdleTaskHandle
                0x2000168c        0x4 ./Middlewares/Third_Party/FreeRTOS/Source/tasks.o
 .bss.uxSchedulerSuspended
                0x20001690        0x4 ./Middlewares/Third_Party/FreeRTOS/Source/tasks.o
 .bss.ucMaxSysCallPriority
                0x20001694        0x1 ./Middlewares/Third_Party/FreeRTOS/Source/portable/GCC/ARM_CM4F/port.o
 *fill*         0x20001695        0x3 
 .bss.ulMaxPRIGROUPValue
                0x20001698        0x4 ./Middlewares/Third_Party/FreeRTOS/Source/portable/GCC/ARM_CM4F/port.o
 .bss.ucHeap    0x2000169c      0xbb8 ./Middlewares/Third_Party/FreeRTOS/Source/portable/MemMang/heap_4.o
 .bss.xStart    0x20002254        0x8 ./Middlewares/Third_Party/FreeRTOS/Source/portable/MemMang/heap_4.o
 .bss.pxEnd     0x2000225c        0x4 ./Middlewares/Third_Party/FreeRTOS/Source/portable/MemMang/heap_4.o
 .bss.xFreeBytesRemaining
                0x20002260        0x4 ./Middlewares/Third_Party/FreeRTOS/Source/portable/MemMang/heap_4.o
 .bss.xMinimumEverFreeBytesRemaining
                0x20002264        0x4 ./Middlewares/Third_Party/FreeRTOS/Source/portable/MemMang/heap_4.o
 .bss.xNumberOfSuccessfulAllocations
                0x20002268        0x4 ./Middlewares/Third_Party/FreeRTOS/Source/portable/MemMang/heap_4.o
 .bss.xNumberOfSuccessfulFrees