../Drivers/BSP/B-L475E-IOT01A2/b_l475e_iot01a2.c:94:9:BSP_GetVersion	4	static
../Drivers/BSP/B-L475E-IOT01A2/b_l475e_iot01a2.c:106:9:BSP_LED_Init	16	static
../Drivers/BSP/B-L475E-IOT01A2/b_l475e_iot01a2.c:121:9:BSP_LED_DeInit	40	static
../Drivers/BSP/B-L475E-IOT01A2/b_l475e_iot01a2.c:144:9:BSP_LED_On	16	static
../Drivers/BSP/B-L475E-IOT01A2/b_l475e_iot01a2.c:161:9:BSP_LED_Off	16	static
../Drivers/BSP/B-L475E-IOT01A2/b_l475e_iot01a2.c:178:9:BSP_LED_Toggle	16	static
../Drivers/BSP/B-L475E-IOT01A2/b_l475e_iot01a2.c:195:9:BSP_LED_GetState	16	static
../Drivers/BSP/B-L475E-IOT01A2/b_l475e_iot01a2.c:203:13:LED_USER_GPIO_Init	40	static
../Drivers/BSP/B-L475E-IOT01A2/b_l475e_iot01a2.c:237:9:BSP_PB_Init	24	static
../Drivers/BSP/B-L475E-IOT01A2/b_l475e_iot01a2.c:277:9:BSP_PB_DeInit	40	static
../Drivers/BSP/B-L475E-IOT01A2/b_l475e_iot01a2.c:295:9:BSP_PB_GetState	16	static
../Drivers/BSP/B-L475E-IOT01A2/b_l475e_iot01a2.c:304:6:BSP_PB_IRQHandler	16	static
../Drivers/BSP/B-L475E-IOT01A2/b_l475e_iot01a2.c:314:13:BSP_PB_Callback	16	static
../Drivers/BSP/B-L475E-IOT01A2/b_l475e_iot01a2.c:327:13:BUTTON_USER_EXTI_Callback	8	static
../Drivers/BSP/B-L475E-IOT01A2/b_l475e_iot01a2.c:336:13:BUTTON_USER_GPIO_Init	40	static
../Drivers/BSP/B-L475E-IOT01A2/b_l475e_iot01a2.c:363:9:BSP_COM_Init	24	static
../Drivers/BSP/B-L475E-IOT01A2/b_l475e_iot01a2.c:401:9:BSP_COM_DeInit	24	static
../Drivers/BSP/B-L475E-IOT01A2/b_l475e_iot01a2.c:438:26:MX_USART1_UART_Init	24	static
../Drivers/BSP/B-L475E-IOT01A2/b_l475e_iot01a2.c:542:9:BSP_COM_SelectLogPort	16	static
../Drivers/BSP/B-L475E-IOT01A2/b_l475e_iot01a2.c:588:5:__io_putchar	16	static
../Drivers/BSP/B-L475E-IOT01A2/b_l475e_iot01a2.c:601:13:USART1_MspInit	184	static
../Drivers/BSP/B-L475E-IOT01A2/b_l475e_iot01a2.c:642:13:USART1_MspDeInit	16	static
../Drivers/BSP/B-L475E-IOT01A2/b_l475e_iot01a2.c:708:13:I2Cx_MspInit	48	static
../Drivers/BSP/B-L475E-IOT01A2/b_l475e_iot01a2.c:750:13:I2Cx_MspDeInit	40	static
../Drivers/BSP/B-L475E-IOT01A2/b_l475e_iot01a2.c:769:13:I2Cx_Init	16	static
../Drivers/BSP/B-L475E-IOT01A2/b_l475e_iot01a2.c:794:13:I2Cx_DeInit	16	static
../Drivers/BSP/B-L475E-IOT01A2/b_l475e_iot01a2.c:810:26:I2Cx_ReadMultiple	48	static
../Drivers/BSP/B-L475E-IOT01A2/b_l475e_iot01a2.c:836:26:I2Cx_WriteMultiple	48	static
../Drivers/BSP/B-L475E-IOT01A2/b_l475e_iot01a2.c:859:26:I2Cx_IsDeviceReady	24	static
../Drivers/BSP/B-L475E-IOT01A2/b_l475e_iot01a2.c:870:13:I2Cx_Error	16	static
../Drivers/BSP/B-L475E-IOT01A2/b_l475e_iot01a2.c:892:6:SENSOR_IO_Init	8	static
../Drivers/BSP/B-L475E-IOT01A2/b_l475e_iot01a2.c:901:6:SENSOR_IO_DeInit	8	static
../Drivers/BSP/B-L475E-IOT01A2/b_l475e_iot01a2.c:913:6:SENSOR_IO_Write	24	static
../Drivers/BSP/B-L475E-IOT01A2/b_l475e_iot01a2.c:924:9:SENSOR_IO_Read	32	static
../Drivers/BSP/B-L475E-IOT01A2/b_l475e_iot01a2.c:942:10:SENSOR_IO_ReadMultiple	24	static
../Drivers/BSP/B-L475E-IOT01A2/b_l475e_iot01a2.c:956:6:SENSOR_IO_WriteMultiple	24	static
../Drivers/BSP/B-L475E-IOT01A2/b_l475e_iot01a2.c:968:19:SENSOR_IO_IsDeviceReady	16	static
../Drivers/BSP/B-L475E-IOT01A2/b_l475e_iot01a2.c:978:6:SENSOR_IO_Delay	16	static
../Drivers/BSP/B-L475E-IOT01A2/b_l475e_iot01a2.c:990:6:NFC_IO_Init	40	static
../Drivers/BSP/B-L475E-IOT01A2/b_l475e_iot01a2.c:1032:6:NFC_IO_DeInit	8	static
../Drivers/BSP/B-L475E-IOT01A2/b_l475e_iot01a2.c:1044:10:NFC_IO_ReadMultiple	32	static
../Drivers/BSP/B-L475E-IOT01A2/b_l475e_iot01a2.c:1070:11:NFC_IO_WriteMultiple	32	static
../Drivers/BSP/B-L475E-IOT01A2/b_l475e_iot01a2.c:1095:12:NFC_IO_IsDeviceReady	32	static
../Drivers/BSP/B-L475E-IOT01A2/b_l475e_iot01a2.c:1123:6:NFC_IO_ReadState	16	static
../Drivers/BSP/B-L475E-IOT01A2/b_l475e_iot01a2.c:1132:6:NFC_IO_RfDisable	16	static
../Drivers/BSP/B-L475E-IOT01A2/b_l475e_iot01a2.c:1142:6:NFC_IO_Delay	16	static
